Archive member included because of file (symbol)

../../library/lib/libcoax.a(uart_pic30.o)
                              main.o (_init_UART1)
../../library/lib/libcoax.a(coax_config_pic30.o)
                              main.o (_InitOscillator)
../../library/lib/libcoax.a(init_port_pic30.o)
                              main.o (_init_port)
../../library/lib/libcoax.a(analog_pic30.o)
                              main.o (_analog_initAnalog)
../../library/lib/libcoax.a(spi_pic30.o)
                              main.o (_init_SPI)
../../library/lib/libcoax.a(e_I2C_protocol_pic30.o)
                              main.o (_e_i2cp_init)
../../library/lib/libcoax.a(e_I2C_master_module_pic30.o)
                              ../../library/lib/libcoax.a(e_I2C_protocol_pic30.o) (_e_i2c_init)
../../library/lib/libcoax.a(coax_rc_pic30.o)
                              main.o (_RC_THROTTLE)
../../library/lib/libcoax.a(utils_pic30.o)
                              main.o (_voltage_level_filt)
../../library/lib/libcoax.a(coax_led_pic30.o)
                              main.o (_FlashORNG)
../../library/lib/libcoax.a(imu_pic30.o)
                              main.o (_read_imu_version)
../../library/lib/libcoax.a(imu_ffp_pic30.o)
                              main.o (_updateIMUData_ffp)
../../library/lib/libcoax.a(coax_uart2_tx_char_pic30.o)
                              ../../library/lib/libcoax.a(uart_pic30.o) (__U2TXInterrupt)
../../library/lib/libcoax.a(coax_uart2_rx_char_pic30.o)
                              ../../library/lib/libcoax.a(uart_pic30.o) (_U2RXRcvCnt)
../../library/lib/libcoax.a(coax_uart1_rx_char_pic30.o)
                              ../../library/lib/libcoax.a(uart_pic30.o) (_U1RXRcvCnt)
../../library/lib/libcoax.a(coax_uart1_tx_char_pic30.o)
                              ../../library/lib/libcoax.a(uart_pic30.o) (__U1TXInterrupt)
../../library/lib/libcoax.a(e_agenda_pic30.o)
                              ../../library/lib/libcoax.a(utils_pic30.o) (_e_activate_agenda)
/usr/pic30-elf/lib//libpic30-elf.a(crt1.eo)
                              (__resetALT)
/usr/pic30-elf/lib//libpic30-elf.a(crt0.eo)
                              (__resetPRI)
/usr/pic30-elf/lib//libpic30-elf.a(delay32.eo)
                              main.o (___delay32)
/usr/pic30-elf/lib//libm-elf.a(mulsf3.eo)
                              ../../library/lib/libcoax.a(coax_config_pic30.o) (___mulsf3)
/usr/pic30-elf/lib//libm-elf.a(fixunssfsi.eo)
                              ../../library/lib/libcoax.a(coax_config_pic30.o) (___fixunssfsi)
/usr/pic30-elf/lib//libm-elf.a(floatsisf.eo)
                              ../../library/lib/libcoax.a(coax_rc_pic30.o) (___floatsisf)
/usr/pic30-elf/lib//libm-elf.a(addsf3.eo)
                              ../../library/lib/libcoax.a(coax_rc_pic30.o) (___subsf3)
/usr/pic30-elf/lib//libm-elf.a(fgtge.eo)
                              ../../library/lib/libcoax.a(coax_rc_pic30.o) (___gtsf2)
/usr/pic30-elf/lib//libm-elf.a(feqltle.eo)
                              ../../library/lib/libcoax.a(coax_rc_pic30.o) (___ltsf2)
/usr/pic30-elf/lib//libm-elf.a(divsf3.eo)
                              ../../library/lib/libcoax.a(coax_rc_pic30.o) (___divsf3)
/usr/pic30-elf/lib//libm-elf.a(funpack2.eo)
                              /usr/pic30-elf/lib//libm-elf.a(mulsf3.eo) (__funpack2)
/usr/pic30-elf/lib//libm-elf.a(futil.eo)
                              /usr/pic30-elf/lib//libm-elf.a(mulsf3.eo) (__fPropagateNaN)
/usr/pic30-elf/lib//libm-elf.a(fpack.eo)
                              /usr/pic30-elf/lib//libm-elf.a(mulsf3.eo) (__fpack)
/usr/pic30-elf/lib//libm-elf.a(funpack.eo)
                              /usr/pic30-elf/lib//libm-elf.a(fixunssfsi.eo) (__funpack)
/usr/pic30-elf/lib//libm-elf.a(fcompare.eo)
                              /usr/pic30-elf/lib//libm-elf.a(fgtge.eo) (__fcompare)
/usr/pic30-elf/lib//libc-elf.a(sprintf.eo)
                              main.o (_sprintf)
/usr/pic30-elf/lib//libc-elf.a(xstoul.eo)
                              e_bluetooth.o (__Stoul)
/usr/pic30-elf/lib//libc-elf.a(strlen.eo)
                              e_bluetooth.o (_strlen)
/usr/pic30-elf/lib//libc-elf.a(malloc.eo)
                              ../../library/lib/libcoax.a(e_agenda_pic30.o) (_malloc)
/usr/pic30-elf/lib//libc-elf.a(exit.eo)
                              ../../library/lib/libcoax.a(e_agenda_pic30.o) (_exit)
/usr/pic30-elf/lib//libc-elf.a(free.eo)
                              ../../library/lib/libcoax.a(e_agenda_pic30.o) (_free)
/usr/pic30-elf/lib//libc-elf.a(memcpy.eo)
                              /usr/pic30-elf/lib//libc-elf.a(sprintf.eo) (_memcpy)
/usr/pic30-elf/lib//libc-elf.a(xprintf.eo)
                              /usr/pic30-elf/lib//libc-elf.a(sprintf.eo) (__Printf)
/usr/pic30-elf/lib//libc-elf.a(isspace.eos)
                              /usr/pic30-elf/lib//libc-elf.a(xstoul.eo) (_isspace)
/usr/pic30-elf/lib//libc-elf.a(tolower.eos)
[...]
Memory Configuration

Name             Origin             Length             Attributes
data             0x000800           0x004000           a !xr
reset            0x000000           0x000004  
ivt              0x000004           0x0000fc  
aivt             0x000104           0x0000fc  
program          0x000200           0x02aa00           xr
FBS              0xf80000           0x000002  
FSS              0xf80002           0x000002  
FGS              0xf80004           0x000002  
FOSCSEL          0xf80006           0x000002  
FOSC             0xf80008           0x000002  
FWDT             0xf8000a           0x000002  
FPOR             0xf8000c           0x000002  
FICD             0xf8000e           0x000002  
FUID0            0xf80010           0x000002  
FUID1            0xf80012           0x000002  
FUID2            0xf80014           0x000002  
FUID3            0xf80016           0x000002  
*default*        0x000000           0xffffffff  

Linker script and memory map

LOAD main.o
LOAD e_bluetooth.o
LOAD ../../library/lib/libcoax.a
                    0xf80000                  __FBS = 0xf80000
                    0xf80002                  __FSS = 0xf80002
                    0xf80004                  __FGS = 0xf80004
                    0xf80006                  __FOSCSEL = 0xf80006
                    0xf80008                  __FOSC = 0xf80008
                    0xf8000a                  __FWDT = 0xf8000a
                    0xf8000c                  __FPOR = 0xf8000c
                    0xf8000e                  __FICD = 0xf8000e
                    0xf80010                  __FUID0 = 0xf80010
                    0xf80012                  __FUID1 = 0xf80012
                    0xf80014                  __FUID2 = 0xf80014
                    0xf80016                  __FUID3 = 0xf80016
                    0x0004                  __IVT_BASE = 0x4
                    0x0104                  __AIVT_BASE = 0x104
                    0x0800                  __DATA_BASE = 0x800
                    0x2800                  __YDATA_BASE = 0x2800
                    0x4000                  __DMA_BASE = 0x4000
                    0x47ff                  __DMA_END = 0x47ff
                    0x0200                  __CODE_BASE = 0x200

.reset            0x000000          0x4
                  0x000000          0x2 SHORT 0x200 <code 337> (__reset)
                  0x000001          0x2 SHORT 0x4
                  0x000002          0x2 SHORT 0x0 ((<code 337> (__reset) >> 0x10) & 0x7f)
                  0x000003          0x2 SHORT 0x0

.text             0x000200       0x22f2
 *(.init)
 .init            0x000200         0x88 /usr/pic30-elf/lib//libpic30-elf.a(crt0.eo)
                  0x000200                  __reset
                  0x000200                  __resetPRI
                  0x00021e                  __psv_init
                  0x00022e                  __data_init
 *(.user_init)
 *(.handle)
 .handle          0x000288         0x1c jump_table
 *(.libc)
 .libc            0x0002a4         0x2e /usr/pic30-elf/lib//libc-elf.a(sprintf.eo)
                  0x0002a4                  sprintf.eo:_prout
                  0x0002b0                  _sprintf
 .libc            0x0002d2        0x128 /usr/pic30-elf/lib//libc-elf.a(xstoul.eo)
                  0x0002d2                  __Stoul
 .libc            0x0003fa          0xe /usr/pic30-elf/lib//libc-elf.a(strlen.eo)
                  0x0003fa                  _strlen
 .libc            0x000408         0xa4 /usr/pic30-elf/lib//libc-elf.a(malloc.eo)
                  0x000408                  _malloc
 .libc            0x0004ac         0x24 /usr/pic30-elf/lib//libc-elf.a(exit.eo)
                  0x0004ac                  _exit
 .libc            0x0004d0         0x68 /usr/pic30-elf/lib//libc-elf.a(free.eo)
                  0x0004d0                  _free
 .libc            0x000538          0xe /usr/pic30-elf/lib//libc-elf.a(memcpy.eo)
                  0x000538                  _memcpy
 .libc            0x000546        0x172 /usr/pic30-elf/lib//libc-elf.a(xprintf.eo)
                  0x000546                  __Printf
 .libc            0x0006b8         0x10 /usr/pic30-elf/lib//libc-elf.a(isspace.eos)
                  0x0006b8                  _isspace
 .libc            0x0006c8          0xe /usr/pic30-elf/lib//libc-elf.a(tolower.eos)
                  0x0006c8                  _tolower
 .libc            0x0006d6         0x14 /usr/pic30-elf/lib//libc-elf.a(memchr.eo)
                  0x0006d6                  _memchr
 .libc            0x0006ea          0xc /usr/pic30-elf/lib//libc-elf.a(errno.eo)
                  0x0006ea                  __Geterrno
 .libc            0x0006f6          0xe /usr/pic30-elf/lib//libc-elf.a(xgetmem.eo)
                  0x0006f6                  __Getmem
 .libc            0x000704          0xa /usr/pic30-elf/lib//libc-elf.a(xvacopy.eo)
                  0x000704                  __Vacopy
 .libc            0x00070e         0x12 /usr/pic30-elf/lib//libc-elf.a(strchr.eo)
                  0x00070e                  _strchr
 .libc            0x000720        0x2fa /usr/pic30-elf/lib//libc-elf.a(xputfld.eo)
                  0x000720                  __Putfld
 .libc            0x000a1a        0x194 /usr/pic30-elf/lib//libc-elf.a(xputtxt.eo)
                  0x000a1a                  __Puttxt
 .libc            0x000bae        0x452 /usr/pic30-elf/lib//libc-elf.a(xldtob.eo)
                  0x000bae                  __Ldtob
 .libc            0x001000        0x170 /usr/pic30-elf/lib//libc-elf.a(xlitob.eo)
                  0x001000                  __Litob
 .libc            0x001170         0x58 /usr/pic30-elf/lib//libc-elf.a(xldunsca.eo)
                  0x001170                  __LDunscale
 .libc            0x0011c8         0xf2 /usr/pic30-elf/lib//libc-elf.a(xldscale.eo)
                  0x0011c8                  __LDscale
 .libc            0x0012ba         0x3a /usr/pic30-elf/lib//libc-elf.a(ldiv.eo)
                  0x0012ba                  _ldiv
 .libc            0x0012f4        0x268 /usr/pic30-elf/lib//libc-elf.a(xgenld.eo)
                  0x0012f4                  __Genld
 .libc            0x00155c         0x98 /usr/pic30-elf/lib//libc-elf.a(xdnorm.eo)
                  0x00155c                  __Dnorm
 .libc            0x0015f4         0x16 /usr/pic30-elf/lib//libc-elf.a(div.eo)
                  0x0015f4                  _div
 .libc            0x00160a         0x10 /usr/pic30-elf/lib//libpic30-elf.a(_exit.eo)
                  0x00160a                  __exit
 .libc            0x00161a         0x2c /usr/pic30-elf/lib//libpic30-elf.a(sbrk.eo)
                  0x00161a                  _sbrk
 .libc            0x001646         0x1e /usr/pic30-elf/lib//libpic30-elf.a(brk.eo)
                  0x001646                  _brk
 *(.libm)
 .libm            0x001664         0x68 /usr/pic30-elf/lib//libm-elf.a(mulsf3.eo)
                  0x001664                  ___mulsf3
 .libm            0x0016cc         0x36 /usr/pic30-elf/lib//libm-elf.a(fixunssfsi.eo)
                  0x0016cc                  ___fixunssfsi
 .libm            0x001702         0x56 /usr/pic30-elf/lib//libm-elf.a(floatsisf.eo)
                  0x001702                  ___floatsisf
 .libm            0x001758         0xbc /usr/pic30-elf/lib//libm-elf.a(addsf3.eo)
                  0x001758                  ___subsf3
                  0x00175a                  ___addsf3
 .libm            0x001814          0x4 /usr/pic30-elf/lib//libm-elf.a(fgtge.eo)
                  0x001814                  ___gtsf2
                  0x001814                  ___gesf2
 .libm            0x001818          0x4 /usr/pic30-elf/lib//libm-elf.a(feqltle.eo)
                  0x001818                  ___lesf2
                  0x001818                  ___eqsf2
                  0x001818                  ___ltsf2
 .libm            0x00181c         0x84 /usr/pic30-elf/lib//libm-elf.a(divsf3.eo)
                  0x00181c                  ___divsf3
 .libm            0x0018a0         0x10 /usr/pic30-elf/lib//libm-elf.a(funpack2.eo)
                  0x0018a0                  __funpack2
 .libm            0x0018b0         0x20 /usr/pic30-elf/lib//libm-elf.a(futil.eo)
                  0x0018b0                  __fPropagateNaN
                  0x0018c2                  __fbopExit
                  0x0018ca                  __fbopReturnNaN
 .libm            0x0018d0         0x4c /usr/pic30-elf/lib//libm-elf.a(fpack.eo)
                  0x0018d0                  __fpack
 .libm            0x00191c         0x2a /usr/pic30-elf/lib//libm-elf.a(funpack.eo)
                  0x00191c                  __funpack
 .libm            0x001946         0x36 /usr/pic30-elf/lib//libm-elf.a(fcompare.eo)
                  0x001946                  __fcompare
 .libm            0x00197c          0xc /usr/pic30-elf/lib//libm-elf.a(mulsi3.eo)
                  0x00197c                  ___mulsi3
 .libm            0x001988         0x20 /usr/pic30-elf/lib//libm-elf.a(udivsi3.eo)
                  0x001988                  ___udivsi3
 .libm            0x0019a8         0x3e /usr/pic30-elf/lib//libm-elf.a(extendsfdf.eo)
                  0x0019a8                  ___extendsfdf2
 .libm            0x0019e6          0xa /usr/pic30-elf/lib//libm-elf.a(deqltle.eo)
                  0x0019e6                  ___ledf2
                  0x0019e6                  ___eqdf2
                  0x0019e6                  ___ltdf2
 .libm            0x0019f0         0x58 /usr/pic30-elf/lib//libm-elf.a(fixdfsi.eo)
                  0x0019f0                  _(float, int, long long, double, float, short, int)
 .libm            0x001a48          0x6 /usr/pic30-elf/lib//libm-elf.a(floatsidf.eo)
                  0x001a48                  ___floatsidf
 .libm            0x001a4e          0x4 /usr/pic30-elf/lib//libm-elf.a(subdf3.eo)
                  0x001a4e                  ___subdf3
 .libm            0x001a52          0xa /usr/pic30-elf/lib//libm-elf.a(dgtge.eo)
                  0x001a52                  ___gedf2
                  0x001a52                  ___gtdf2
 .libm            0x001a5c         0x1e /usr/pic30-elf/lib//libm-elf.a(divsi3.eo)
                  0x001a5c                  ___divsi3
 .libm            0x001a7a         0xea /usr/pic30-elf/lib//libm-elf.a(muldf3.eo)
                  0x001a7a                  ___muldf3
 .libm            0x001b64         0xb4 /usr/pic30-elf/lib//libm-elf.a(divdf3.eo)
                  0x001b64                  ___divdf3
 .libm            0x001c18        0x216 /usr/pic30-elf/lib//libm-elf.a(divmoddi3.eo)
                  0x001c3e                  ___udivmoddi3
                  0x001d0c                  ___udivdi3
                  0x001d1a                  ___umoddi3
                  0x001d22                  ___divdi3
                  0x001d5c                  ___moddi3
 .libm            0x001e2e         0x5c /usr/pic30-elf/lib//libm-elf.a(muldi3.eo)
                  0x001e2e                  ___muldi3
 .libm            0x001e8a         0x52 /usr/pic30-elf/lib//libm-elf.a(dcompare.eo)
                  0x001e8a                  __dcompare
 .libm            0x001edc         0x4e /usr/pic30-elf/lib//libm-elf.a(dunpack.eo)
                  0x001edc                  __dunpack
 .libm            0x001f2a         0x32 /usr/pic30-elf/lib//libm-elf.a(dunpack2.eo)
                  0x001f2a                  __dunpack2
                  0x001f4c                  __dreturnNaN
                  0x001f52                  __dunpack2exit
 .libm            0x001f5c         0x6e /usr/pic30-elf/lib//libm-elf.a(floatdidf.eo)
                  0x001f5c                  ___floatdidf
 .libm            0x001fca         0xfa /usr/pic30-elf/lib//libm-elf.a(adddf3.eo)
                  0x001fca                  ___adddf3
 .libm            0x0020c4         0x58 /usr/pic30-elf/lib//libm-elf.a(dpack.eo)
                  0x0020c4                  __dpack
 .libm            0x00211c         0x44 /usr/pic30-elf/lib//libm-elf.a(umuldi3.eo)
                  0x00211c                  ___umuldi3
 .libm            0x002160         0x24 /usr/pic30-elf/lib//libm-elf.a(dtype.eo)
                  0x002160                  __dtype
 .libm            0x002184         0x1c /usr/pic30-elf/lib//libm-elf.a(dpropagateNaN.eo)
                  0x002184                  __dPropagateNaN
 *(.libdsp)
 *(.lib*)
 .libperi         0x0021a0        0x352 ../../library/lib/libcoax.a(uart_pic30.o)
                  0x0021a0                  _BusyUART1
                  0x0021ae                  _BusyUART2
                  0x0021bc                  _CloseUART1
                  0x0021cc                  _CloseUART2
                  0x0021dc                  _ConfigIntUART1
                  0x002246                  _ConfigIntUART2
                  0x0022aa                  _DataRdyUART1
                  0x0022b6                  _DataRdyUART2
                  0x0022c2                  _getsUART1
                  0x00232a                  _getsUART2
                  0x002392                  _OpenUART1
                  0x0023aa                  _OpenUART2
                  0x0023c2                  _putsUART1
                  0x002418                  _putsUART2
                  0x00246e                  _ReadUART1
                  0x00248c                  _ReadUART2
                  0x0024aa                  _WriteUART1
                  0x0024ce                  _WriteUART2

__FBS
 *(__FBS.sec)

__FSS
 *(__FSS.sec)

__FGS
 *(__FGS.sec)

__FOSCSEL         0xf80006          0x2
 *(__FOSCSEL.sec)
 __FOSCSEL.sec    0xf80006          0x2 main.o

__FOSC            0xf80008          0x2
 *(__FOSC.sec)
 __FOSC.sec       0xf80008          0x2 main.o

__FWDT            0xf8000a          0x2
 *(__FWDT.sec)
 __FWDT.sec       0xf8000a          0x2 main.o

__FPOR
 *(__FPOR.sec)

__FICD
 *(__FICD.sec)

__FUID0
 *(__FUID0.sec)

__FUID1
 *(__FUID1.sec)

__FUID2
 *(__FUID2.sec)

__FUID3
 *(__FUID3.sec)

.comment
 *(.comment)

.debug_info       0x000000       0xa2a3
 *(.debug_info)
 .debug_info      0x000000        0x6fa main.o
 .debug_info      0x0006fa        0xeda e_bluetooth.o
 .debug_info      0x0015d4       0x1970 ../../library/lib/libcoax.a(uart_pic30.o)
 .debug_info      0x002f44       0x1456 ../../library/lib/libcoax.a(coax_config_pic30.o)
 .debug_info      0x00439a        0x687 ../../library/lib/libcoax.a(init_port_pic30.o)
 .debug_info      0x004a21        0x846 ../../library/lib/libcoax.a(analog_pic30.o)
 .debug_info      0x005267        0x87c ../../library/lib/libcoax.a(spi_pic30.o)
 .debug_info      0x005ae3        0x4af ../../library/lib/libcoax.a(e_I2C_protocol_pic30.o)
 .debug_info      0x005f92        0xc51 ../../library/lib/libcoax.a(e_I2C_master_module_pic30.o)
 .debug_info      0x006be3        0xe1b ../../library/lib/libcoax.a(coax_rc_pic30.o)
 .debug_info      0x0079fe        0x8a1 ../../library/lib/libcoax.a(utils_pic30.o)
 .debug_info      0x00829f        0x295 ../../library/lib/libcoax.a(coax_led_pic30.o)
 .debug_info      0x008534        0x827 ../../library/lib/libcoax.a(imu_pic30.o)
 .debug_info      0x008d5b        0x7c6 ../../library/lib/libcoax.a(imu_ffp_pic30.o)
 .debug_info      0x009521         0x96 ../../library/lib/libcoax.a(coax_uart2_tx_char_pic30.o)
 .debug_info      0x0095b7         0x96 ../../library/lib/libcoax.a(coax_uart2_rx_char_pic30.o)
 .debug_info      0x00964d         0x96 ../../library/lib/libcoax.a(coax_uart1_rx_char_pic30.o)
 .debug_info      0x0096e3         0x96 ../../library/lib/libcoax.a(coax_uart1_tx_char_pic30.o)
 .debug_info      0x009779        0x83b ../../library/lib/libcoax.a(e_agenda_pic30.o)
 .debug_info      0x009fb4        0x10a /usr/pic30-elf/lib//libpic30-elf.a(_exit.eo)
 .debug_info      0x00a0be         0xe7 /usr/pic30-elf/lib//libpic30-elf.a(sbrk.eo)
 .debug_info      0x00a1a5         0xfe /usr/pic30-elf/lib//libpic30-elf.a(brk.eo)
 *(.gnu.linkonce.wi.*)

.debug_abbrev     0x000000       0x1300
 *(.debug_abbrev)
 .debug_abbrev    0x000000        0x146 main.o
 .debug_abbrev    0x000146        0x1a8 e_bluetooth.o
 .debug_abbrev    0x0002ee        0x1b3 ../../library/lib/libcoax.a(uart_pic30.o)
 .debug_abbrev    0x0004a1         0xcd ../../library/lib/libcoax.a(coax_config_pic30.o)
 .debug_abbrev    0x00056e         0x7d ../../library/lib/libcoax.a(init_port_pic30.o)
 .debug_abbrev    0x0005eb         0xde ../../library/lib/libcoax.a(analog_pic30.o)
 .debug_abbrev    0x0006c9         0xf8 ../../library/lib/libcoax.a(spi_pic30.o)
 .debug_abbrev    0x0007c1         0xf2 ../../library/lib/libcoax.a(e_I2C_protocol_pic30.o)
 .debug_abbrev    0x0008b3        0x10f ../../library/lib/libcoax.a(e_I2C_master_module_pic30.o)
 .debug_abbrev    0x0009c2        0x1d8 ../../library/lib/libcoax.a(coax_rc_pic30.o)
 .debug_abbrev    0x000b9a        0x1b2 ../../library/lib/libcoax.a(utils_pic30.o)
 .debug_abbrev    0x000d4c         0x7d ../../library/lib/libcoax.a(coax_led_pic30.o)
 .debug_abbrev    0x000dc9        0x12b ../../library/lib/libcoax.a(imu_pic30.o)
 .debug_abbrev    0x000ef4        0x123 ../../library/lib/libcoax.a(imu_ffp_pic30.o)
 .debug_abbrev    0x001017         0x14 ../../library/lib/libcoax.a(coax_uart2_tx_char_pic30.o)
 .debug_abbrev    0x00102b         0x14 ../../library/lib/libcoax.a(coax_uart2_rx_char_pic30.o)
 .debug_abbrev    0x00103f         0x14 ../../library/lib/libcoax.a(coax_uart1_rx_char_pic30.o)
 .debug_abbrev    0x001053         0x14 ../../library/lib/libcoax.a(coax_uart1_tx_char_pic30.o)
 .debug_abbrev    0x001067        0x15d ../../library/lib/libcoax.a(e_agenda_pic30.o)
 .debug_abbrev    0x0011c4         0x59 /usr/pic30-elf/lib//libpic30-elf.a(_exit.eo)
 .debug_abbrev    0x00121d         0x6a /usr/pic30-elf/lib//libpic30-elf.a(sbrk.eo)
 .debug_abbrev    0x001287         0x79 /usr/pic30-elf/lib//libpic30-elf.a(brk.eo)

.debug_line       0x000000       0x4c9f
 *(.debug_line)
 .debug_line      0x000000        0x311 main.o
 .debug_line      0x000311        0xcc1 e_bluetooth.o
 .debug_line      0x000fd2        0x70e ../../library/lib/libcoax.a(uart_pic30.o)
 .debug_line      0x0016e0        0x1fc ../../library/lib/libcoax.a(coax_config_pic30.o)
 .debug_line      0x0018dc         0xfa ../../library/lib/libcoax.a(init_port_pic30.o)
 .debug_line      0x0019d6        0x17f ../../library/lib/libcoax.a(analog_pic30.o)
 .debug_line      0x001b55        0x29d ../../library/lib/libcoax.a(spi_pic30.o)
 .debug_line      0x001df2        0x343 ../../library/lib/libcoax.a(e_I2C_protocol_pic30.o)
 .debug_line      0x002135        0x511 ../../library/lib/libcoax.a(e_I2C_master_module_pic30.o)
 .debug_line      0x002646        0xc89 ../../library/lib/libcoax.a(coax_rc_pic30.o)
 .debug_line      0x0032cf        0x6cb ../../library/lib/libcoax.a(utils_pic30.o)
 .debug_line      0x00399a        0x11a ../../library/lib/libcoax.a(coax_led_pic30.o)
 .debug_line      0x003ab4        0x670 ../../library/lib/libcoax.a(imu_pic30.o)
 .debug_line      0x004124        0x4cc ../../library/lib/libcoax.a(imu_ffp_pic30.o)
 .debug_line      0x0045f0         0x73 ../../library/lib/libcoax.a(coax_uart2_tx_char_pic30.o)
 .debug_line      0x004663         0x61 ../../library/lib/libcoax.a(coax_uart2_rx_char_pic30.o)
 .debug_line      0x0046c4         0x61 ../../library/lib/libcoax.a(coax_uart1_rx_char_pic30.o)
 .debug_line      0x004725         0x73 ../../library/lib/libcoax.a(coax_uart1_tx_char_pic30.o)
 .debug_line      0x004798        0x3b4 ../../library/lib/libcoax.a(e_agenda_pic30.o)
 .debug_line      0x004b4c         0x74 /usr/pic30-elf/lib//libpic30-elf.a(_exit.eo)
 .debug_line      0x004bc0         0x78 /usr/pic30-elf/lib//libpic30-elf.a(sbrk.eo)
 .debug_line      0x004c38         0x67 /usr/pic30-elf/lib//libpic30-elf.a(brk.eo)

.debug_frame      0x000000        0xce5
 *(.debug_frame)
 .debug_frame     0x000000        0x19a main.o
 .debug_frame     0x00019a        0x127 e_bluetooth.o
 .debug_frame     0x0002c1        0x187 ../../library/lib/libcoax.a(uart_pic30.o)
 .debug_frame     0x000448         0x97 ../../library/lib/libcoax.a(coax_config_pic30.o)
 .debug_frame     0x0004df         0x27 ../../library/lib/libcoax.a(init_port_pic30.o)
 .debug_frame     0x000506         0x37 ../../library/lib/libcoax.a(analog_pic30.o)
 .debug_frame     0x00053d         0x87 ../../library/lib/libcoax.a(spi_pic30.o)
 .debug_frame     0x0005c4         0x97 ../../library/lib/libcoax.a(e_I2C_protocol_pic30.o)
 .debug_frame     0x00065b         0xe7 ../../library/lib/libcoax.a(e_I2C_master_module_pic30.o)
 .debug_frame     0x000742         0xfb ../../library/lib/libcoax.a(coax_rc_pic30.o)
 .debug_frame     0x00083d        0x147 ../../library/lib/libcoax.a(utils_pic30.o)
 .debug_frame     0x000984         0x37 ../../library/lib/libcoax.a(coax_led_pic30.o)
 .debug_frame     0x0009bb        0x127 ../../library/lib/libcoax.a(imu_pic30.o)
 .debug_frame     0x000ae2         0xe7 ../../library/lib/libcoax.a(imu_ffp_pic30.o)
 .debug_frame     0x000bc9         0xa7 ../../library/lib/libcoax.a(e_agenda_pic30.o)
 .debug_frame     0x000c70         0x27 /usr/pic30-elf/lib//libpic30-elf.a(_exit.eo)
 .debug_frame     0x000c97         0x27 /usr/pic30-elf/lib//libpic30-elf.a(sbrk.eo)
 .debug_frame     0x000cbe         0x27 /usr/pic30-elf/lib//libpic30-elf.a(brk.eo)

.debug_str        0x000000        0x19e
 *(.debug_str)
 .debug_str       0x000000         0x15 main.o
 .debug_str       0x000015         0x41 e_bluetooth.o
 .debug_str       0x000056         0x87 ../../library/lib/libcoax.a(uart_pic30.o)
 .debug_str       0x0000dd         0x11 ../../library/lib/libcoax.a(e_I2C_protocol_pic30.o)
 .debug_str       0x0000ee         0x24 ../../library/lib/libcoax.a(coax_rc_pic30.o)
 .debug_str       0x000112         0x28 ../../library/lib/libcoax.a(utils_pic30.o)
 .debug_str       0x00013a         0x2b ../../library/lib/libcoax.a(imu_pic30.o)
 .debug_str       0x000165         0x2c ../../library/lib/libcoax.a(imu_ffp_pic30.o)
 .debug_str       0x000191          0xd ../../library/lib/libcoax.a(e_agenda_pic30.o)

.debug_loc
 *(.debug_loc)

.debug_macinfo
 *(.debug_macinfo)

.debug_pubnames
                  0x000000        0xe40
 *(.debug_pubnames)
 .debug_pubnames
                  0x000000         0x64 main.o
 .debug_pubnames
                  0x000064        0x227 e_bluetooth.o
 .debug_pubnames
                  0x00028b        0x170 ../../library/lib/libcoax.a(uart_pic30.o)
 .debug_pubnames
                  0x0003fb         0x93 ../../library/lib/libcoax.a(coax_config_pic30.o)
 .debug_pubnames
                  0x00048e         0x20 ../../library/lib/libcoax.a(init_port_pic30.o)
 .debug_pubnames
                  0x0004ae         0x3f ../../library/lib/libcoax.a(analog_pic30.o)
 .debug_pubnames
                  0x0004ed         0x7d ../../library/lib/libcoax.a(spi_pic30.o)
 .debug_pubnames
                  0x00056a         0xa8 ../../library/lib/libcoax.a(e_I2C_protocol_pic30.o)
 .debug_pubnames
                  0x000612         0xf1 ../../library/lib/libcoax.a(e_I2C_master_module_pic30.o)
 .debug_pubnames
                  0x000703        0x1f8 ../../library/lib/libcoax.a(coax_rc_pic30.o)
 .debug_pubnames
                  0x0008fb        0x150 ../../library/lib/libcoax.a(utils_pic30.o)
 .debug_pubnames
                  0x000a4b         0x2d ../../library/lib/libcoax.a(coax_led_pic30.o)
 .debug_pubnames
                  0x000a78        0x174 ../../library/lib/libcoax.a(imu_pic30.o)
 .debug_pubnames
                  0x000bec        0x11a ../../library/lib/libcoax.a(imu_ffp_pic30.o)
 .debug_pubnames
                  0x000d06         0xdc ../../library/lib/libcoax.a(e_agenda_pic30.o)
 .debug_pubnames
                  0x000de2         0x1c /usr/pic30-elf/lib//libpic30-elf.a(_exit.eo)
 .debug_pubnames
                  0x000dfe         0x1b /usr/pic30-elf/lib//libpic30-elf.a(sbrk.eo)
 .debug_pubnames
                  0x000e19         0x27 /usr/pic30-elf/lib//libpic30-elf.a(brk.eo)

.debug_ranges
 *(.debug_ranges)

.debug_aranges    0x000000        0x348
 *(.debug_aranges)
 .debug_aranges
                  0x000000         0x20 main.o
 .debug_aranges
                  0x000020         0x20 e_bluetooth.o
 .debug_aranges
                  0x000040         0xb0 ../../library/lib/libcoax.a(uart_pic30.o)
 .debug_aranges
                  0x0000f0         0x20 ../../library/lib/libcoax.a(coax_config_pic30.o)
 .debug_aranges
                  0x000110         0x20 ../../library/lib/libcoax.a(init_port_pic30.o)
 .debug_aranges
                  0x000130         0x20 ../../library/lib/libcoax.a(analog_pic30.o)
 .debug_aranges
                  0x000150         0x20 ../../library/lib/libcoax.a(spi_pic30.o)
 .debug_aranges
                  0x000170         0x20 ../../library/lib/libcoax.a(e_I2C_protocol_pic30.o)
 .debug_aranges
                  0x000190         0x20 ../../library/lib/libcoax.a(e_I2C_master_module_pic30.o)
 .debug_aranges
                  0x0001b0         0x20 ../../library/lib/libcoax.a(coax_rc_pic30.o)
 .debug_aranges
                  0x0001d0         0x20 ../../library/lib/libcoax.a(utils_pic30.o)
 .debug_aranges
                  0x0001f0         0x20 ../../library/lib/libcoax.a(coax_led_pic30.o)
 .debug_aranges
                  0x000210         0x20 ../../library/lib/libcoax.a(imu_pic30.o)
 .debug_aranges
                  0x000230         0x20 ../../library/lib/libcoax.a(imu_ffp_pic30.o)
 .debug_aranges
                  0x000250         0x18 ../../library/lib/libcoax.a(coax_uart2_tx_char_pic30.o)
 .debug_aranges
                  0x000268         0x18 ../../library/lib/libcoax.a(coax_uart2_rx_char_pic30.o)
 .debug_aranges
                  0x000280         0x18 ../../library/lib/libcoax.a(coax_uart1_rx_char_pic30.o)
 .debug_aranges
                  0x000298         0x18 ../../library/lib/libcoax.a(coax_uart1_tx_char_pic30.o)
 .debug_aranges
                  0x0002b0         0x20 ../../library/lib/libcoax.a(e_agenda_pic30.o)
 .debug_aranges
                  0x0002d0         0x28 /usr/pic30-elf/lib//libpic30-elf.a(_exit.eo)
 .debug_aranges
                  0x0002f8         0x28 /usr/pic30-elf/lib//libpic30-elf.a(sbrk.eo)
 .debug_aranges
                  0x000320         0x28 /usr/pic30-elf/lib//libpic30-elf.a(brk.eo)

.ivt              0x000004         0xfc
                  0x000004          0x4 LONG 0x6646 DEFINED (__ReservedTrap0)?<code 337> (__ReservedTrap0):<code 337> (__DefaultInterrupt)
                  0x000006          0x4 LONG 0x6646 DEFINED (__OscillatorFail)?<code 337> (__OscillatorFail):<code 337> (__DefaultInterrupt)
                  0x000008          0x4 LONG 0x6646 DEFINED (__AddressError)?<code 337> (__AddressError):<code 337> (__DefaultInterrupt)
                  0x00000a          0x4 LONG 0x6646 DEFINED (__StackError)?<code 337> (__StackError):<code 337> (__DefaultInterrupt)
                  0x00000c          0x4 LONG 0x6646 DEFINED (__MathError)?<code 337> (__MathError):<code 337> (__DefaultInterrupt)
                  0x00000e          0x4 LONG 0x6646 DEFINED (__DMACError)?<code 337> (__DMACError):<code 337> (__DefaultInterrupt)
                  0x000010          0x4 LONG 0x6646 DEFINED (__ReservedTrap6)?<code 337> (__ReservedTrap6):<code 337> (__DefaultInterrupt)
                  0x000012          0x4 LONG 0x6646 DEFINED (__ReservedTrap7)?<code 337> (__ReservedTrap7):<code 337> (__DefaultInterrupt)
                  0x000014          0x4 LONG 0x6646 DEFINED (__INT0Interrupt)?<code 337> (__INT0Interrupt):<code 337> (__DefaultInterrupt)
                  0x000016          0x4 LONG 0x6646 DEFINED (__IC1Interrupt)?<code 337> (__IC1Interrupt):<code 337> (__DefaultInterrupt)
                  0x000018          0x4 LONG 0x6646 DEFINED (__OC1Interrupt)?<code 337> (__OC1Interrupt):<code 337> (__DefaultInterrupt)
                  0x00001a          0x4 LONG 0x3f42 DEFINED (__T1Interrupt)?<code 337> (__T1Interrupt):<code 337> (__DefaultInterrupt)
                  0x00001c          0x4 LONG 0x6646 DEFINED (__DMA0Interrupt)?<code 337> (__DMA0Interrupt):<code 337> (__DefaultInterrupt)
                  0x00001e          0x4 LONG 0x6646 DEFINED (__IC2Interrupt)?<code 337> (__IC2Interrupt):<code 337> (__DefaultInterrupt)
                  0x000020          0x4 LONG 0x6646 DEFINED (__OC2Interrupt)?<code 337> (__OC2Interrupt):<code 337> (__DefaultInterrupt)
                  0x000022          0x4 LONG 0x6646 DEFINED (__T2Interrupt)?<code 337> (__T2Interrupt):<code 337> (__DefaultInterrupt)
                  0x000024          0x4 LONG 0x6646 DEFINED (__T3Interrupt)?<code 337> (__T3Interrupt):<code 337> (__DefaultInterrupt)
                  0x000026          0x4 LONG 0x6646 DEFINED (__SPI1ErrInterrupt)?<code 337> (__SPI1ErrInterrupt):<code 337> (__DefaultInterrupt)
                  0x000028          0x4 LONG 0x6646 DEFINED (__SPI1Interrupt)?<code 337> (__SPI1Interrupt):<code 337> (__DefaultInterrupt)
                  0x00002a          0x4 LONG 0x65a0 DEFINED (__U1RXInterrupt)?<code 337> (__U1RXInterrupt):<code 337> (__DefaultInterrupt)
                  0x00002c          0x4 LONG 0x6500 DEFINED (__U1TXInterrupt)?<code 337> (__U1TXInterrupt):<code 337> (__DefaultInterrupt)
                  0x00002e          0x4 LONG 0x6646 DEFINED (__ADC1Interrupt)?<code 337> (__ADC1Interrupt):<code 337> (__DefaultInterrupt)
                  0x000030          0x4 LONG 0x6646 DEFINED (__DMA1Interrupt)?<code 337> (__DMA1Interrupt):<code 337> (__DefaultInterrupt)
                  0x000032          0x4 LONG 0x6646 DEFINED (__Interrupt15)?<code 337> (__Interrupt15):<code 337> (__DefaultInterrupt)
                  0x000034          0x4 LONG 0x6646 DEFINED (__SI2C1Interrupt)?<code 337> (__SI2C1Interrupt):<code 337> (__DefaultInterrupt)
                  0x000036          0x4 LONG 0x5900 DEFINED (__MI2C1Interrupt)?<code 337> (__MI2C1Interrupt):<code 337> (__DefaultInterrupt)
                  0x000038          0x4 LONG 0x6646 DEFINED (__Interrupt18)?<code 337> (__Interrupt18):<code 337> (__DefaultInterrupt)
                  0x00003a          0x4 LONG 0x6646 DEFINED (__CNInterrupt)?<code 337> (__CNInterrupt):<code 337> (__DefaultInterrupt)
                  0x00003c          0x4 LONG 0x6646 DEFINED (__INT1Interrupt)?<code 337> (__INT1Interrupt):<code 337> (__DefaultInterrupt)
                  0x00003e          0x4 LONG 0x6646 DEFINED (__Interrupt21)?<code 337> (__Interrupt21):<code 337> (__DefaultInterrupt)
                  0x000040          0x4 LONG 0x6646 DEFINED (__IC7Interrupt)?<code 337> (__IC7Interrupt):<code 337> (__DefaultInterrupt)
                  0x000042          0x4 LONG 0x6646 DEFINED (__IC8Interrupt)?<code 337> (__IC8Interrupt):<code 337> (__DefaultInterrupt)
                  0x000044          0x4 LONG 0x6646 DEFINED (__DMA2Interrupt)?<code 337> (__DMA2Interrupt):<code 337> (__DefaultInterrupt)
                  0x000046          0x4 LONG 0x6646 DEFINED (__OC3Interrupt)?<code 337> (__OC3Interrupt):<code 337> (__DefaultInterrupt)
                  0x000048          0x4 LONG 0x6646 DEFINED (__OC4Interrupt)?<code 337> (__OC4Interrupt):<code 337> (__DefaultInterrupt)
                  0x00004a          0x4 LONG 0x6646 DEFINED (__T4Interrupt)?<code 337> (__T4Interrupt):<code 337> (__DefaultInterrupt)
                  0x00004c          0x4 LONG 0x6646 DEFINED (__T5Interrupt)?<code 337> (__T5Interrupt):<code 337> (__DefaultInterrupt)
                  0x00004e          0x4 LONG 0x6646 DEFINED (__INT2Interrupt)?<code 337> (__INT2Interrupt):<code 337> (__DefaultInterrupt)
                  0x000050          0x4 LONG 0x6562 DEFINED (__U2RXInterrupt)?<code 337> (__U2RXInterrupt):<code 337> (__DefaultInterrupt)
                  0x000052          0x4 LONG 0x649e DEFINED (__U2TXInterrupt)?<code 337> (__U2TXInterrupt):<code 337> (__DefaultInterrupt)
                  0x000054          0x4 LONG 0x6646 DEFINED (__SPI2ErrInterrupt)?<code 337> (__SPI2ErrInterrupt):<code 337> (__DefaultInterrupt)
                  0x000056          0x4 LONG 0x6646 DEFINED (__SPI2Interrupt)?<code 337> (__SPI2Interrupt):<code 337> (__DefaultInterrupt)
                  0x000058          0x4 LONG 0x6646 DEFINED (__C1RxRdyInterrupt)?<code 337> (__C1RxRdyInterrupt):<code 337> (__DefaultInterrupt)
                  0x00005a          0x4 LONG 0x6646 DEFINED (__C1Interrupt)?<code 337> (__C1Interrupt):<code 337> (__DefaultInterrupt)
                  0x00005c          0x4 LONG 0x6646 DEFINED (__DMA3Interrupt)?<code 337> (__DMA3Interrupt):<code 337> (__DefaultInterrupt)
                  0x00005e          0x4 LONG 0x6646 DEFINED (__IC3Interrupt)?<code 337> (__IC3Interrupt):<code 337> (__DefaultInterrupt)
                  0x000060          0x4 LONG 0x6646 DEFINED (__IC4Interrupt)?<code 337> (__IC4Interrupt):<code 337> (__DefaultInterrupt)
                  0x000062          0x4 LONG 0x6646 DEFINED (__IC5Interrupt)?<code 337> (__IC5Interrupt):<code 337> (__DefaultInterrupt)
                  0x000064          0x4 LONG 0x6646 DEFINED (__IC6Interrupt)?<code 337> (__IC6Interrupt):<code 337> (__DefaultInterrupt)
                  0x000066          0x4 LONG 0x6646 DEFINED (__OC5Interrupt)?<code 337> (__OC5Interrupt):<code 337> (__DefaultInterrupt)
                  0x000068          0x4 LONG 0x6646 DEFINED (__OC6Interrupt)?<code 337> (__OC6Interrupt):<code 337> (__DefaultInterrupt)
                  0x00006a          0x4 LONG 0x6646 DEFINED (__OC7Interrupt)?<code 337> (__OC7Interrupt):<code 337> (__DefaultInterrupt)
                  0x00006c          0x4 LONG 0x6646 DEFINED (__OC8Interrupt)?<code 337> (__OC8Interrupt):<code 337> (__DefaultInterrupt)
                  0x00006e          0x4 LONG 0x6646 DEFINED (__Interrupt45)?<code 337> (__Interrupt45):<code 337> (__DefaultInterrupt)
                  0x000070          0x4 LONG 0x6646 DEFINED (__DMA4Interrupt)?<code 337> (__DMA4Interrupt):<code 337> (__DefaultInterrupt)
                  0x000072          0x4 LONG 0x5f2e DEFINED (__T6Interrupt)?<code 337> (__T6Interrupt):<code 337> (__DefaultInterrupt)
                  0x000074          0x4 LONG 0x6646 DEFINED (__T7Interrupt)?<code 337> (__T7Interrupt):<code 337> (__DefaultInterrupt)
                  0x000076          0x4 LONG 0x6646 DEFINED (__SI2C2Interrupt)?<code 337> (__SI2C2Interrupt):<code 337> (__DefaultInterrupt)
                  0x000078          0x4 LONG 0x6646 DEFINED (__MI2C2Interrupt)?<code 337> (__MI2C2Interrupt):<code 337> (__DefaultInterrupt)
                  0x00007a          0x4 LONG 0x6646 DEFINED (__T8Interrupt)?<code 337> (__T8Interrupt):<code 337> (__DefaultInterrupt)
                  0x00007c          0x4 LONG 0x6646 DEFINED (__T9Interrupt)?<code 337> (__T9Interrupt):<code 337> (__DefaultInterrupt)
                  0x00007e          0x4 LONG 0x6646 DEFINED (__INT3Interrupt)?<code 337> (__INT3Interrupt):<code 337> (__DefaultInterrupt)
                  0x000080          0x4 LONG 0x6646 DEFINED (__INT4Interrupt)?<code 337> (__INT4Interrupt):<code 337> (__DefaultInterrupt)
                  0x000082          0x4 LONG 0x6646 DEFINED (__Interrupt55)?<code 337> (__Interrupt55):<code 337> (__DefaultInterrupt)
                  0x000084          0x4 LONG 0x6646 DEFINED (__Interrupt56)?<code 337> (__Interrupt56):<code 337> (__DefaultInterrupt)
                  0x000086          0x4 LONG 0x6646 DEFINED (__Interrupt57)?<code 337> (__Interrupt57):<code 337> (__DefaultInterrupt)
                  0x000088          0x4 LONG 0x6646 DEFINED (__Interrupt58)?<code 337> (__Interrupt58):<code 337> (__DefaultInterrupt)
                  0x00008a          0x4 LONG 0x6646 DEFINED (__DCIErrInterrupt)?<code 337> (__DCIErrInterrupt):<code 337> (__DefaultInterrupt)
                  0x00008c          0x4 LONG 0x6646 DEFINED (__DCIInterrupt)?<code 337> (__DCIInterrupt):<code 337> (__DefaultInterrupt)
                  0x00008e          0x4 LONG 0x6646 DEFINED (__DMA5Interrupt)?<code 337> (__DMA5Interrupt):<code 337> (__DefaultInterrupt)
                  0x000090          0x4 LONG 0x6646 DEFINED (__Interrupt62)?<code 337> (__Interrupt62):<code 337> (__DefaultInterrupt)
                  0x000092          0x4 LONG 0x6646 DEFINED (__Interrupt63)?<code 337> (__Interrupt63):<code 337> (__DefaultInterrupt)
                  0x000094          0x4 LONG 0x6646 DEFINED (__Interrupt64)?<code 337> (__Interrupt64):<code 337> (__DefaultInterrupt)
                  0x000096          0x4 LONG 0x6646 DEFINED (__U1ErrInterrupt)?<code 337> (__U1ErrInterrupt):<code 337> (__DefaultInterrupt)
                  0x000098          0x4 LONG 0x6646 DEFINED (__U2ErrInterrupt)?<code 337> (__U2ErrInterrupt):<code 337> (__DefaultInterrupt)
                  0x00009a          0x4 LONG 0x6646 DEFINED (__Interrupt67)?<code 337> (__Interrupt67):<code 337> (__DefaultInterrupt)
                  0x00009c          0x4 LONG 0x6646 DEFINED (__DMA6Interrupt)?<code 337> (__DMA6Interrupt):<code 337> (__DefaultInterrupt)
                  0x00009e          0x4 LONG 0x6646 DEFINED (__DMA7Interrupt)?<code 337> (__DMA7Interrupt):<code 337> (__DefaultInterrupt)
                  0x0000a0          0x4 LONG 0x6646 DEFINED (__C1TxReqInterrupt)?<code 337> (__C1TxReqInterrupt):<code 337> (__DefaultInterrupt)
                  0x0000a2          0x4 LONG 0x6646 DEFINED (__Interrupt71)?<code 337> (__Interrupt71):<code 337> (__DefaultInterrupt)
                  0x0000a4          0x4 LONG 0x6646 DEFINED (__Interrupt72)?<code 337> (__Interrupt72):<code 337> (__DefaultInterrupt)
                  0x0000a6          0x4 LONG 0x6646 DEFINED (__Interrupt73)?<code 337> (__Interrupt73):<code 337> (__DefaultInterrupt)
                  0x0000a8          0x4 LONG 0x6646 DEFINED (__Interrupt74)?<code 337> (__Interrupt74):<code 337> (__DefaultInterrupt)
                  0x0000aa          0x4 LONG 0x6646 DEFINED (__Interrupt75)?<code 337> (__Interrupt75):<code 337> (__DefaultInterrupt)
                  0x0000ac          0x4 LONG 0x6646 DEFINED (__Interrupt76)?<code 337> (__Interrupt76):<code 337> (__DefaultInterrupt)
                  0x0000ae          0x4 LONG 0x6646 DEFINED (__Interrupt77)?<code 337> (__Interrupt77):<code 337> (__DefaultInterrupt)
                  0x0000b0          0x4 LONG 0x6646 DEFINED (__Interrupt78)?<code 337> (__Interrupt78):<code 337> (__DefaultInterrupt)
                  0x0000b2          0x4 LONG 0x6646 DEFINED (__Interrupt79)?<code 337> (__Interrupt79):<code 337> (__DefaultInterrupt)
                  0x0000b4          0x4 LONG 0x6646 DEFINED (__Interrupt80)?<code 337> (__Interrupt80):<code 337> (__DefaultInterrupt)
                  0x0000b6          0x4 LONG 0x6646 DEFINED (__Interrupt81)?<code 337> (__Interrupt81):<code 337> (__DefaultInterrupt)
                  0x0000b8          0x4 LONG 0x6646 DEFINED (__Interrupt82)?<code 337> (__Interrupt82):<code 337> (__DefaultInterrupt)
                  0x0000ba          0x4 LONG 0x6646 DEFINED (__Interrupt83)?<code 337> (__Interrupt83):<code 337> (__DefaultInterrupt)
                  0x0000bc          0x4 LONG 0x6646 DEFINED (__Interrupt84)?<code 337> (__Interrupt84):<code 337> (__DefaultInterrupt)
                  0x0000be          0x4 LONG 0x6646 DEFINED (__Interrupt85)?<code 337> (__Interrupt85):<code 337> (__DefaultInterrupt)
                  0x0000c0          0x4 LONG 0x6646 DEFINED (__Interrupt86)?<code 337> (__Interrupt86):<code 337> (__DefaultInterrupt)
                  0x0000c2          0x4 LONG 0x6646 DEFINED (__Interrupt87)?<code 337> (__Interrupt87):<code 337> (__DefaultInterrupt)
                  0x0000c4          0x4 LONG 0x6646 DEFINED (__Interrupt88)?<code 337> (__Interrupt88):<code 337> (__DefaultInterrupt)
                  0x0000c6          0x4 LONG 0x6646 DEFINED (__Interrupt89)?<code 337> (__Interrupt89):<code 337> (__DefaultInterrupt)
                  0x0000c8          0x4 LONG 0x6646 DEFINED (__Interrupt90)?<code 337> (__Interrupt90):<code 337> (__DefaultInterrupt)
                  0x0000ca          0x4 LONG 0x6646 DEFINED (__Interrupt91)?<code 337> (__Interrupt91):<code 337> (__DefaultInterrupt)
                  0x0000cc          0x4 LONG 0x6646 DEFINED (__Interrupt92)?<code 337> (__Interrupt92):<code 337> (__DefaultInterrupt)
                  0x0000ce          0x4 LONG 0x6646 DEFINED (__Interrupt93)?<code 337> (__Interrupt93):<code 337> (__DefaultInterrupt)
                  0x0000d0          0x4 LONG 0x6646 DEFINED (__Interrupt94)?<code 337> (__Interrupt94):<code 337> (__DefaultInterrupt)
                  0x0000d2          0x4 LONG 0x6646 DEFINED (__Interrupt95)?<code 337> (__Interrupt95):<code 337> (__DefaultInterrupt)
                  0x0000d4          0x4 LONG 0x6646 DEFINED (__Interrupt96)?<code 337> (__Interrupt96):<code 337> (__DefaultInterrupt)
                  0x0000d6          0x4 LONG 0x6646 DEFINED (__Interrupt97)?<code 337> (__Interrupt97):<code 337> (__DefaultInterrupt)
                  0x0000d8          0x4 LONG 0x6646 DEFINED (__Interrupt98)?<code 337> (__Interrupt98):<code 337> (__DefaultInterrupt)
                  0x0000da          0x4 LONG 0x6646 DEFINED (__Interrupt99)?<code 337> (__Interrupt99):<code 337> (__DefaultInterrupt)
                  0x0000dc          0x4 LONG 0x6646 DEFINED (__Interrupt100)?<code 337> (__Interrupt100):<code 337> (__DefaultInterrupt)
                  0x0000de          0x4 LONG 0x6646 DEFINED (__Interrupt101)?<code 337> (__Interrupt101):<code 337> (__DefaultInterrupt)
                  0x0000e0          0x4 LONG 0x6646 DEFINED (__Interrupt102)?<code 337> (__Interrupt102):<code 337> (__DefaultInterrupt)
                  0x0000e2          0x4 LONG 0x6646 DEFINED (__Interrupt103)?<code 337> (__Interrupt103):<code 337> (__DefaultInterrupt)
                  0x0000e4          0x4 LONG 0x6646 DEFINED (__Interrupt104)?<code 337> (__Interrupt104):<code 337> (__DefaultInterrupt)
                  0x0000e6          0x4 LONG 0x6646 DEFINED (__Interrupt105)?<code 337> (__Interrupt105):<code 337> (__DefaultInterrupt)
                  0x0000e8          0x4 LONG 0x6646 DEFINED (__Interrupt106)?<code 337> (__Interrupt106):<code 337> (__DefaultInterrupt)
                  0x0000ea          0x4 LONG 0x6646 DEFINED (__Interrupt107)?<code 337> (__Interrupt107):<code 337> (__DefaultInterrupt)
                  0x0000ec          0x4 LONG 0x6646 DEFINED (__Interrupt108)?<code 337> (__Interrupt108):<code 337> (__DefaultInterrupt)
                  0x0000ee          0x4 LONG 0x6646 DEFINED (__Interrupt109)?<code 337> (__Interrupt109):<code 337> (__DefaultInterrupt)
                  0x0000f0          0x4 LONG 0x6646 DEFINED (__Interrupt110)?<code 337> (__Interrupt110):<code 337> (__DefaultInterrupt)
                  0x0000f2          0x4 LONG 0x6646 DEFINED (__Interrupt111)?<code 337> (__Interrupt111):<code 337> (__DefaultInterrupt)
                  0x0000f4          0x4 LONG 0x6646 DEFINED (__Interrupt112)?<code 337> (__Interrupt112):<code 337> (__DefaultInterrupt)
                  0x0000f6          0x4 LONG 0x6646 DEFINED (__Interrupt113)?<code 337> (__Interrupt113):<code 337> (__DefaultInterrupt)
                  0x0000f8          0x4 LONG 0x6646 DEFINED (__Interrupt114)?<code 337> (__Interrupt114):<code 337> (__DefaultInterrupt)
                  0x0000fa          0x4 LONG 0x6646 DEFINED (__Interrupt115)?<code 337> (__Interrupt115):<code 337> (__DefaultInterrupt)
                  0x0000fc          0x4 LONG 0x6646 DEFINED (__Interrupt116)?<code 337> (__Interrupt116):<code 337> (__DefaultInterrupt)
                  0x0000fe          0x4 LONG 0x6646 DEFINED (__Interrupt117)?<code 337> (__Interrupt117):<code 337> (__DefaultInterrupt)

.aivt             0x000104         0xfc
                  0x000104          0x4 LONG 0x6646 DEFINED (__AltReservedTrap0)?<code 337> (__AltReservedTrap0):DEFINED (__ReservedTrap0)?<code 337> (__ReservedTrap0):<code 337> (__DefaultInterrupt)
                  0x000106          0x4 LONG 0x6646 DEFINED (__AltOscillatorFail)?<code 337> (__AltOscillatorFail):DEFINED (__OscillatorFail)?<code 337> (__OscillatorFail):<code 337> (__DefaultInterrupt)
                  0x000108          0x4 LONG 0x6646 DEFINED (__AltAddressError)?<code 337> (__AltAddressError):DEFINED (__AddressError)?<code 337> (__AddressError):<code 337> (__DefaultInterrupt)
                  0x00010a          0x4 LONG 0x6646 DEFINED (__AltStackError)?<code 337> (__AltStackError):DEFINED (__StackError)?<code 337> (__StackError):<code 337> (__DefaultInterrupt)
                  0x00010c          0x4 LONG 0x6646 DEFINED (__AltMathError)?<code 337> (__AltMathError):DEFINED (__MathError)?<code 337> (__MathError):<code 337> (__DefaultInterrupt)
                  0x00010e          0x4 LONG 0x6646 DEFINED (__AltDMACError)?<code 337> (__AltDMACError):DEFINED (__DMACError)?<code 337> (__DMACError):<code 337> (__DefaultInterrupt)
                  0x000110          0x4 LONG 0x6646 DEFINED (__AltReservedTrap6)?<code 337> (__AltReservedTrap6):DEFINED (__ReservedTrap6)?<code 337> (__ReservedTrap6):<code 337> (__DefaultInterrupt)
                  0x000112          0x4 LONG 0x6646 DEFINED (__AltReservedTrap7)?<code 337> (__AltReservedTrap7):DEFINED (__ReservedTrap7)?<code 337> (__ReservedTrap7):<code 337> (__DefaultInterrupt)
                  0x000114          0x4 LONG 0x6646 DEFINED (__AltINT0Interrupt)?<code 337> (__AltINT0Interrupt):DEFINED (__INT0Interrupt)?<code 337> (__INT0Interrupt):<code 337> (__DefaultInterrupt)
                  0x000116          0x4 LONG 0x6646 DEFINED (__AltIC1Interrupt)?<code 337> (__AltIC1Interrupt):DEFINED (__IC1Interrupt)?<code 337> (__IC1Interrupt):<code 337> (__DefaultInterrupt)
                  0x000118          0x4 LONG 0x6646 DEFINED (__AltOC1Interrupt)?<code 337> (__AltOC1Interrupt):DEFINED (__OC1Interrupt)?<code 337> (__OC1Interrupt):<code 337> (__DefaultInterrupt)
                  0x00011a          0x4 LONG 0x3f42 DEFINED (__AltT1Interrupt)?<code 337> (__AltT1Interrupt):DEFINED (__T1Interrupt)?<code 337> (__T1Interrupt):<code 337> (__DefaultInterrupt)
                  0x00011c          0x4 LONG 0x6646 DEFINED (__AltDMA0Interrupt)?<code 337> (__AltDMA0Interrupt):DEFINED (__DMA0Interrupt)?<code 337> (__DMA0Interrupt):<code 337> (__DefaultInterrupt)
                  0x00011e          0x4 LONG 0x6646 DEFINED (__AltIC2Interrupt)?<code 337> (__AltIC2Interrupt):DEFINED (__IC2Interrupt)?<code 337> (__IC2Interrupt):<code 337> (__DefaultInterrupt)
                  0x000120          0x4 LONG 0x6646 DEFINED (__AltOC2Interrupt)?<code 337> (__AltOC2Interrupt):DEFINED (__OC2Interrupt)?<code 337> (__OC2Interrupt):<code 337> (__DefaultInterrupt)
                  0x000122          0x4 LONG 0x6646 DEFINED (__AltT2Interrupt)?<code 337> (__AltT2Interrupt):DEFINED (__T2Interrupt)?<code 337> (__T2Interrupt):<code 337> (__DefaultInterrupt)
                  0x000124          0x4 LONG 0x6646 DEFINED (__AltT3Interrupt)?<code 337> (__AltT3Interrupt):DEFINED (__T3Interrupt)?<code 337> (__T3Interrupt):<code 337> (__DefaultInterrupt)
                  0x000126          0x4 LONG 0x6646 DEFINED (__AltSPI1ErrInterrupt)?<code 337> (__AltSPI1ErrInterrupt):DEFINED (__SPI1ErrInterrupt)?<code 337> (__SPI1ErrInterrupt):<code 337> (__DefaultInterrupt)
                  0x000128          0x4 LONG 0x6646 DEFINED (__AltSPI1Interrupt)?<code 337> (__AltSPI1Interrupt):DEFINED (__SPI1Interrupt)?<code 337> (__SPI1Interrupt):<code 337> (__DefaultInterrupt)
                  0x00012a          0x4 LONG 0x65a0 DEFINED (__AltU1RXInterrupt)?<code 337> (__AltU1RXInterrupt):DEFINED (__U1RXInterrupt)?<code 337> (__U1RXInterrupt):<code 337> (__DefaultInterrupt)
                  0x00012c          0x4 LONG 0x6500 DEFINED (__AltU1TXInterrupt)?<code 337> (__AltU1TXInterrupt):DEFINED (__U1TXInterrupt)?<code 337> (__U1TXInterrupt):<code 337> (__DefaultInterrupt)
                  0x00012e          0x4 LONG 0x6646 DEFINED (__AltADC1Interrupt)?<code 337> (__AltADC1Interrupt):DEFINED (__ADC1Interrupt)?<code 337> (__ADC1Interrupt):<code 337> (__DefaultInterrupt)
                  0x000130          0x4 LONG 0x6646 DEFINED (__AltDMA1Interrupt)?<code 337> (__AltDMA1Interrupt):DEFINED (__DMA1Interrupt)?<code 337> (__DMA1Interrupt):<code 337> (__DefaultInterrupt)
                  0x000132          0x4 LONG 0x6646 DEFINED (__AltInterrupt15)?<code 337> (__AltInterrupt15):DEFINED (__Interrupt15)?<code 337> (__Interrupt15):<code 337> (__DefaultInterrupt)
                  0x000134          0x4 LONG 0x6646 DEFINED (__AltSI2C1Interrupt)?<code 337> (__AltSI2C1Interrupt):DEFINED (__SI2C1Interrupt)?<code 337> (__SI2C1Interrupt):<code 337> (__DefaultInterrupt)
                  0x000136          0x4 LONG 0x5900 DEFINED (__AltMI2C1Interrupt)?<code 337> (__AltMI2C1Interrupt):DEFINED (__MI2C1Interrupt)?<code 337> (__MI2C1Interrupt):<code 337> (__DefaultInterrupt)
                  0x000138          0x4 LONG 0x6646 DEFINED (__AltInterrupt18)?<code 337> (__AltInterrupt18):DEFINED (__Interrupt18)?<code 337> (__Interrupt18):<code 337> (__DefaultInterrupt)
                  0x00013a          0x4 LONG 0x6646 DEFINED (__AltCNInterrupt)?<code 337> (__AltCNInterrupt):DEFINED (__CNInterrupt)?<code 337> (__CNInterrupt):<code 337> (__DefaultInterrupt)
                  0x00013c          0x4 LONG 0x6646 DEFINED (__AltINT1Interrupt)?<code 337> (__AltINT1Interrupt):DEFINED (__INT1Interrupt)?<code 337> (__INT1Interrupt):<code 337> (__DefaultInterrupt)
                  0x00013e          0x4 LONG 0x6646 DEFINED (__AltInterrupt21)?<code 337> (__AltInterrupt21):DEFINED (__Interrupt21)?<code 337> (__Interrupt21):<code 337> (__DefaultInterrupt)
                  0x000140          0x4 LONG 0x6646 DEFINED (__AltIC7Interrupt)?<code 337> (__AltIC7Interrupt):DEFINED (__IC7Interrupt)?<code 337> (__IC7Interrupt):<code 337> (__DefaultInterrupt)
                  0x000142          0x4 LONG 0x6646 DEFINED (__AltIC8Interrupt)?<code 337> (__AltIC8Interrupt):DEFINED (__IC8Interrupt)?<code 337> (__IC8Interrupt):<code 337> (__DefaultInterrupt)
                  0x000144          0x4 LONG 0x6646 DEFINED (__AltDMA2Interrupt)?<code 337> (__AltDMA2Interrupt):DEFINED (__DMA2Interrupt)?<code 337> (__DMA2Interrupt):<code 337> (__DefaultInterrupt)
                  0x000146          0x4 LONG 0x6646 DEFINED (__AltOC3Interrupt)?<code 337> (__AltOC3Interrupt):DEFINED (__OC3Interrupt)?<code 337> (__OC3Interrupt):<code 337> (__DefaultInterrupt)
                  0x000148          0x4 LONG 0x6646 DEFINED (__AltOC4Interrupt)?<code 337> (__AltOC4Interrupt):DEFINED (__OC4Interrupt)?<code 337> (__OC4Interrupt):<code 337> (__DefaultInterrupt)
                  0x00014a          0x4 LONG 0x6646 DEFINED (__AltT4Interrupt)?<code 337> (__AltT4Interrupt):DEFINED (__T4Interrupt)?<code 337> (__T4Interrupt):<code 337> (__DefaultInterrupt)
                  0x00014c          0x4 LONG 0x6646 DEFINED (__AltT5Interrupt)?<code 337> (__AltT5Interrupt):DEFINED (__T5Interrupt)?<code 337> (__T5Interrupt):<code 337> (__DefaultInterrupt)
                  0x00014e          0x4 LONG 0x6646 DEFINED (__AltINT2Interrupt)?<code 337> (__AltINT2Interrupt):DEFINED (__INT2Interrupt)?<code 337> (__INT2Interrupt):<code 337> (__DefaultInterrupt)
                  0x000150          0x4 LONG 0x6562 DEFINED (__AltU2RXInterrupt)?<code 337> (__AltU2RXInterrupt):DEFINED (__U2RXInterrupt)?<code 337> (__U2RXInterrupt):<code 337> (__DefaultInterrupt)
                  0x000152          0x4 LONG 0x649e DEFINED (__AltU2TXInterrupt)?<code 337> (__AltU2TXInterrupt):DEFINED (__U2TXInterrupt)?<code 337> (__U2TXInterrupt):<code 337> (__DefaultInterrupt)
                  0x000154          0x4 LONG 0x6646 DEFINED (__AltSPI2ErrInterrupt)?<code 337> (__AltSPI2ErrInterrupt):DEFINED (__SPI2ErrInterrupt)?<code 337> (__SPI2ErrInterrupt):<code 337> (__DefaultInterrupt)
                  0x000156          0x4 LONG 0x6646 DEFINED (__AltSPI2Interrupt)?<code 337> (__AltSPI2Interrupt):DEFINED (__SPI2Interrupt)?<code 337> (__SPI2Interrupt):<code 337> (__DefaultInterrupt)
                  0x000158          0x4 LONG 0x6646 DEFINED (__AltC1RxRdyInterrupt)?<code 337> (__AltC1RxRdyInterrupt):DEFINED (__C1RxRdyInterrupt)?<code 337> (__C1RxRdyInterrupt):<code 337> (__DefaultInterrupt)
                  0x00015a          0x4 LONG 0x6646 DEFINED (__AltC1Interrupt)?<code 337> (__AltC1Interrupt):DEFINED (__C1Interrupt)?<code 337> (__C1Interrupt):<code 337> (__DefaultInterrupt)
                  0x00015c          0x4 LONG 0x6646 DEFINED (__AltDMA3Interrupt)?<code 337> (__AltDMA3Interrupt):DEFINED (__DMA3Interrupt)?<code 337> (__DMA3Interrupt):<code 337> (__DefaultInterrupt)
                  0x00015e          0x4 LONG 0x6646 DEFINED (__AltIC3Interrupt)?<code 337> (__AltIC3Interrupt):DEFINED (__IC3Interrupt)?<code 337> (__IC3Interrupt):<code 337> (__DefaultInterrupt)
                  0x000160          0x4 LONG 0x6646 DEFINED (__AltIC4Interrupt)?<code 337> (__AltIC4Interrupt):DEFINED (__IC4Interrupt)?<code 337> (__IC4Interrupt):<code 337> (__DefaultInterrupt)
                  0x000162          0x4 LONG 0x6646 DEFINED (__AltIC5Interrupt)?<code 337> (__AltIC5Interrupt):DEFINED (__IC5Interrupt)?<code 337> (__IC5Interrupt):<code 337> (__DefaultInterrupt)
                  0x000164          0x4 LONG 0x6646 DEFINED (__AltIC6Interrupt)?<code 337> (__AltIC6Interrupt):DEFINED (__IC6Interrupt)?<code 337> (__IC6Interrupt):<code 337> (__DefaultInterrupt)
                  0x000166          0x4 LONG 0x6646 DEFINED (__AltOC5Interrupt)?<code 337> (__AltOC5Interrupt):DEFINED (__OC5Interrupt)?<code 337> (__OC5Interrupt):<code 337> (__DefaultInterrupt)
                  0x000168          0x4 LONG 0x6646 DEFINED (__AltOC6Interrupt)?<code 337> (__AltOC6Interrupt):DEFINED (__OC6Interrupt)?<code 337> (__OC6Interrupt):<code 337> (__DefaultInterrupt)
                  0x00016a          0x4 LONG 0x6646 DEFINED (__AltOC7Interrupt)?<code 337> (__AltOC7Interrupt):DEFINED (__OC7Interrupt)?<code 337> (__OC7Interrupt):<code 337> (__DefaultInterrupt)
                  0x00016c          0x4 LONG 0x6646 DEFINED (__AltOC8Interrupt)?<code 337> (__AltOC8Interrupt):DEFINED (__OC8Interrupt)?<code 337> (__OC8Interrupt):<code 337> (__DefaultInterrupt)
                  0x00016e          0x4 LONG 0x6646 DEFINED (__AltInterrupt45)?<code 337> (__AltInterrupt45):DEFINED (__Interrupt45)?<code 337> (__Interrupt45):<code 337> (__DefaultInterrupt)
                  0x000170          0x4 LONG 0x6646 DEFINED (__AltDMA4Interrupt)?<code 337> (__AltDMA4Interrupt):DEFINED (__DMA4Interrupt)?<code 337> (__DMA4Interrupt):<code 337> (__DefaultInterrupt)
                  0x000172          0x4 LONG 0x5f2e DEFINED (__AltT6Interrupt)?<code 337> (__AltT6Interrupt):DEFINED (__T6Interrupt)?<code 337> (__T6Interrupt):<code 337> (__DefaultInterrupt)
                  0x000174          0x4 LONG 0x6646 DEFINED (__AltT7Interrupt)?<code 337> (__AltT7Interrupt):DEFINED (__T7Interrupt)?<code 337> (__T7Interrupt):<code 337> (__DefaultInterrupt)
                  0x000176          0x4 LONG 0x6646 DEFINED (__AltSI2C2Interrupt)?<code 337> (__AltSI2C2Interrupt):DEFINED (__SI2C2Interrupt)?<code 337> (__SI2C2Interrupt):<code 337> (__DefaultInterrupt)
                  0x000178          0x4 LONG 0x6646 DEFINED (__AltMI2C2Interrupt)?<code 337> (__AltMI2C2Interrupt):DEFINED (__MI2C2Interrupt)?<code 337> (__MI2C2Interrupt):<code 337> (__DefaultInterrupt)
                  0x00017a          0x4 LONG 0x6646 DEFINED (__AltT8Interrupt)?<code 337> (__AltT8Interrupt):DEFINED (__T8Interrupt)?<code 337> (__T8Interrupt):<code 337> (__DefaultInterrupt)
                  0x00017c          0x4 LONG 0x6646 DEFINED (__AltT9Interrupt)?<code 337> (__AltT9Interrupt):DEFINED (__T9Interrupt)?<code 337> (__T9Interrupt):<code 337> (__DefaultInterrupt)
                  0x00017e          0x4 LONG 0x6646 DEFINED (__AltINT3Interrupt)?<code 337> (__AltINT3Interrupt):DEFINED (__INT3Interrupt)?<code 337> (__INT3Interrupt):<code 337> (__DefaultInterrupt)
                  0x000180          0x4 LONG 0x6646 DEFINED (__AltINT4Interrupt)?<code 337> (__AltINT4Interrupt):DEFINED (__INT4Interrupt)?<code 337> (__INT4Interrupt):<code 337> (__DefaultInterrupt)
                  0x000182          0x4 LONG 0x6646 DEFINED (__AltInterrupt55)?<code 337> (__AltInterrupt55):DEFINED (__Interrupt55)?<code 337> (__Interrupt55):<code 337> (__DefaultInterrupt)
                  0x000184          0x4 LONG 0x6646 DEFINED (__AltInterrupt56)?<code 337> (__AltInterrupt56):DEFINED (__Interrupt56)?<code 337> (__Interrupt56):<code 337> (__DefaultInterrupt)
                  0x000186          0x4 LONG 0x6646 DEFINED (__AltInterrupt57)?<code 337> (__AltInterrupt57):DEFINED (__Interrupt57)?<code 337> (__Interrupt57):<code 337> (__DefaultInterrupt)
                  0x000188          0x4 LONG 0x6646 DEFINED (__AltInterrupt58)?<code 337> (__AltInterrupt58):DEFINED (__Interrupt58)?<code 337> (__Interrupt58):<code 337> (__DefaultInterrupt)
                  0x00018a          0x4 LONG 0x6646 DEFINED (__AltDCIErrInterrupt)?<code 337> (__AltDCIErrInterrupt):DEFINED (__DCIErrInterrupt)?<code 337> (__DCIErrInterrupt):<code 337> (__DefaultInterrupt)
                  0x00018c          0x4 LONG 0x6646 DEFINED (__AltDCIInterrupt)?<code 337> (__AltDCIInterrupt):DEFINED (__DCIInterrupt)?<code 337> (__DCIInterrupt):<code 337> (__DefaultInterrupt)
                  0x00018e          0x4 LONG 0x6646 DEFINED (__AltDMA5Interrupt)?<code 337> (__AltDMA5Interrupt):DEFINED (__DMA5Interrupt)?<code 337> (__DMA5Interrupt):<code 337> (__DefaultInterrupt)
                  0x000190          0x4 LONG 0x6646 DEFINED (__AltInterrupt62)?<code 337> (__AltInterrupt62):DEFINED (__Interrupt62)?<code 337> (__Interrupt62):<code 337> (__DefaultInterrupt)
                  0x000192          0x4 LONG 0x6646 DEFINED (__AltInterrupt63)?<code 337> (__AltInterrupt63):DEFINED (__Interrupt63)?<code 337> (__Interrupt63):<code 337> (__DefaultInterrupt)
                  0x000194          0x4 LONG 0x6646 DEFINED (__AltInterrupt64)?<code 337> (__AltInterrupt64):DEFINED (__Interrupt64)?<code 337> (__Interrupt64):<code 337> (__DefaultInterrupt)
                  0x000196          0x4 LONG 0x6646 DEFINED (__AltU1ErrInterrupt)?<code 337> (__AltU1ErrInterrupt):DEFINED (__U1ErrInterrupt)?<code 337> (__U1ErrInterrupt):<code 337> (__DefaultInterrupt)
                  0x000198          0x4 LONG 0x6646 DEFINED (__AltU2ErrInterrupt)?<code 337> (__AltU2ErrInterrupt):DEFINED (__U2ErrInterrupt)?<code 337> (__U2ErrInterrupt):<code 337> (__DefaultInterrupt)
                  0x00019a          0x4 LONG 0x6646 DEFINED (__AltInterrupt67)?<code 337> (__AltInterrupt67):DEFINED (__Interrupt67)?<code 337> (__Interrupt67):<code 337> (__DefaultInterrupt)
                  0x00019c          0x4 LONG 0x6646 DEFINED (__AltDMA6Interrupt)?<code 337> (__AltDMA6Interrupt):DEFINED (__DMA6Interrupt)?<code 337> (__DMA6Interrupt):<code 337> (__DefaultInterrupt)
                  0x00019e          0x4 LONG 0x6646 DEFINED (__AltDMA7Interrupt)?<code 337> (__AltDMA7Interrupt):DEFINED (__DMA7Interrupt)?<code 337> (__DMA7Interrupt):<code 337> (__DefaultInterrupt)
                  0x0001a0          0x4 LONG 0x6646 DEFINED (__AltC1TxReqInterrupt)?<code 337> (__AltC1TxReqInterrupt):DEFINED (__C1TxReqInterrupt)?<code 337> (__C1TxReqInterrupt):<code 337> (__DefaultInterrupt)
                  0x0001a2          0x4 LONG 0x6646 DEFINED (__AltInterrupt71)?<code 337> (__AltInterrupt71):DEFINED (__Interrupt71)?<code 337> (__Interrupt71):<code 337> (__DefaultInterrupt)
                  0x0001a4          0x4 LONG 0x6646 DEFINED (__AltInterrupt72)?<code 337> (__AltInterrupt72):DEFINED (__Interrupt72)?<code 337> (__Interrupt72):<code 337> (__DefaultInterrupt)
                  0x0001a6          0x4 LONG 0x6646 DEFINED (__AltInterrupt73)?<code 337> (__AltInterrupt73):DEFINED (__Interrupt73)?<code 337> (__Interrupt73):<code 337> (__DefaultInterrupt)
                  0x0001a8          0x4 LONG 0x6646 DEFINED (__AltInterrupt74)?<code 337> (__AltInterrupt74):DEFINED (__Interrupt74)?<code 337> (__Interrupt74):<code 337> (__DefaultInterrupt)
                  0x0001aa          0x4 LONG 0x6646 DEFINED (__AltInterrupt75)?<code 337> (__AltInterrupt75):DEFINED (__Interrupt75)?<code 337> (__Interrupt75):<code 337> (__DefaultInterrupt)
                  0x0001ac          0x4 LONG 0x6646 DEFINED (__AltInterrupt76)?<code 337> (__AltInterrupt76):DEFINED (__Interrupt76)?<code 337> (__Interrupt76):<code 337> (__DefaultInterrupt)
                  0x0001ae          0x4 LONG 0x6646 DEFINED (__AltInterrupt77)?<code 337> (__AltInterrupt77):DEFINED (__Interrupt77)?<code 337> (__Interrupt77):<code 337> (__DefaultInterrupt)
                  0x0001b0          0x4 LONG 0x6646 DEFINED (__AltInterrupt78)?<code 337> (__AltInterrupt78):DEFINED (__Interrupt78)?<code 337> (__Interrupt78):<code 337> (__DefaultInterrupt)
                  0x0001b2          0x4 LONG 0x6646 DEFINED (__AltInterrupt79)?<code 337> (__AltInterrupt79):DEFINED (__Interrupt79)?<code 337> (__Interrupt79):<code 337> (__DefaultInterrupt)
                  0x0001b4          0x4 LONG 0x6646 DEFINED (__AltInterrupt80)?<code 337> (__AltInterrupt80):DEFINED (__Interrupt80)?<code 337> (__Interrupt80):<code 337> (__DefaultInterrupt)
                  0x0001b6          0x4 LONG 0x6646 DEFINED (__AltInterrupt81)?<code 337> (__AltInterrupt81):DEFINED (__Interrupt81)?<code 337> (__Interrupt81):<code 337> (__DefaultInterrupt)
                  0x0001b8          0x4 LONG 0x6646 DEFINED (__AltInterrupt82)?<code 337> (__AltInterrupt82):DEFINED (__Interrupt82)?<code 337> (__Interrupt82):<code 337> (__DefaultInterrupt)
                  0x0001ba          0x4 LONG 0x6646 DEFINED (__AltInterrupt83)?<code 337> (__AltInterrupt83):DEFINED (__Interrupt83)?<code 337> (__Interrupt83):<code 337> (__DefaultInterrupt)
                  0x0001bc          0x4 LONG 0x6646 DEFINED (__AltInterrupt84)?<code 337> (__AltInterrupt84):DEFINED (__Interrupt84)?<code 337> (__Interrupt84):<code 337> (__DefaultInterrupt)
                  0x0001be          0x4 LONG 0x6646 DEFINED (__AltInterrupt85)?<code 337> (__AltInterrupt85):DEFINED (__Interrupt85)?<code 337> (__Interrupt85):<code 337> (__DefaultInterrupt)
                  0x0001c0          0x4 LONG 0x6646 DEFINED (__AltInterrupt86)?<code 337> (__AltInterrupt86):DEFINED (__Interrupt86)?<code 337> (__Interrupt86):<code 337> (__DefaultInterrupt)
                  0x0001c2          0x4 LONG 0x6646 DEFINED (__AltInterrupt87)?<code 337> (__AltInterrupt87):DEFINED (__Interrupt87)?<code 337> (__Interrupt87):<code 337> (__DefaultInterrupt)
                  0x0001c4          0x4 LONG 0x6646 DEFINED (__AltInterrupt88)?<code 337> (__AltInterrupt88):DEFINED (__Interrupt88)?<code 337> (__Interrupt88):<code 337> (__DefaultInterrupt)
                  0x0001c6          0x4 LONG 0x6646 DEFINED (__AltInterrupt89)?<code 337> (__AltInterrupt89):DEFINED (__Interrupt89)?<code 337> (__Interrupt89):<code 337> (__DefaultInterrupt)
                  0x0001c8          0x4 LONG 0x6646 DEFINED (__AltInterrupt90)?<code 337> (__AltInterrupt90):DEFINED (__Interrupt90)?<code 337> (__Interrupt90):<code 337> (__DefaultInterrupt)
                  0x0001ca          0x4 LONG 0x6646 DEFINED (__AltInterrupt91)?<code 337> (__AltInterrupt91):DEFINED (__Interrupt91)?<code 337> (__Interrupt91):<code 337> (__DefaultInterrupt)
                  0x0001cc          0x4 LONG 0x6646 DEFINED (__AltInterrupt92)?<code 337> (__AltInterrupt92):DEFINED (__Interrupt92)?<code 337> (__Interrupt92):<code 337> (__DefaultInterrupt)
                  0x0001ce          0x4 LONG 0x6646 DEFINED (__AltInterrupt93)?<code 337> (__AltInterrupt93):DEFINED (__Interrupt93)?<code 337> (__Interrupt93):<code 337> (__DefaultInterrupt)
                  0x0001d0          0x4 LONG 0x6646 DEFINED (__AltInterrupt94)?<code 337> (__AltInterrupt94):DEFINED (__Interrupt94)?<code 337> (__Interrupt94):<code 337> (__DefaultInterrupt)
                  0x0001d2          0x4 LONG 0x6646 DEFINED (__AltInterrupt95)?<code 337> (__AltInterrupt95):DEFINED (__Interrupt95)?<code 337> (__Interrupt95):<code 337> (__DefaultInterrupt)
                  0x0001d4          0x4 LONG 0x6646 DEFINED (__AltInterrupt96)?<code 337> (__AltInterrupt96):DEFINED (__Interrupt96)?<code 337> (__Interrupt96):<code 337> (__DefaultInterrupt)
                  0x0001d6          0x4 LONG 0x6646 DEFINED (__AltInterrupt97)?<code 337> (__AltInterrupt97):DEFINED (__Interrupt97)?<code 337> (__Interrupt97):<code 337> (__DefaultInterrupt)
                  0x0001d8          0x4 LONG 0x6646 DEFINED (__AltInterrupt98)?<code 337> (__AltInterrupt98):DEFINED (__Interrupt98)?<code 337> (__Interrupt98):<code 337> (__DefaultInterrupt)
                  0x0001da          0x4 LONG 0x6646 DEFINED (__AltInterrupt99)?<code 337> (__AltInterrupt99):DEFINED (__Interrupt99)?<code 337> (__Interrupt99):<code 337> (__DefaultInterrupt)
                  0x0001dc          0x4 LONG 0x6646 DEFINED (__AltInterrupt100)?<code 337> (__AltInterrupt100):DEFINED (__Interrupt100)?<code 337> (__Interrupt100):<code 337> (__DefaultInterrupt)
                  0x0001de          0x4 LONG 0x6646 DEFINED (__AltInterrupt101)?<code 337> (__AltInterrupt101):DEFINED (__Interrupt101)?<code 337> (__Interrupt101):<code 337> (__DefaultInterrupt)
                  0x0001e0          0x4 LONG 0x6646 DEFINED (__AltInterrupt102)?<code 337> (__AltInterrupt102):DEFINED (__Interrupt102)?<code 337> (__Interrupt102):<code 337> (__DefaultInterrupt)
                  0x0001e2          0x4 LONG 0x6646 DEFINED (__AltInterrupt103)?<code 337> (__AltInterrupt103):DEFINED (__Interrupt103)?<code 337> (__Interrupt103):<code 337> (__DefaultInterrupt)
                  0x0001e4          0x4 LONG 0x6646 DEFINED (__AltInterrupt104)?<code 337> (__AltInterrupt104):DEFINED (__Interrupt104)?<code 337> (__Interrupt104):<code 337> (__DefaultInterrupt)
                  0x0001e6          0x4 LONG 0x6646 DEFINED (__AltInterrupt105)?<code 337> (__AltInterrupt105):DEFINED (__Interrupt105)?<code 337> (__Interrupt105):<code 337> (__DefaultInterrupt)
                  0x0001e8          0x4 LONG 0x6646 DEFINED (__AltInterrupt106)?<code 337> (__AltInterrupt106):DEFINED (__Interrupt106)?<code 337> (__Interrupt106):<code 337> (__DefaultInterrupt)
                  0x0001ea          0x4 LONG 0x6646 DEFINED (__AltInterrupt107)?<code 337> (__AltInterrupt107):DEFINED (__Interrupt107)?<code 337> (__Interrupt107):<code 337> (__DefaultInterrupt)
                  0x0001ec          0x4 LONG 0x6646 DEFINED (__AltInterrupt108)?<code 337> (__AltInterrupt108):DEFINED (__Interrupt108)?<code 337> (__Interrupt108):<code 337> (__DefaultInterrupt)
                  0x0001ee          0x4 LONG 0x6646 DEFINED (__AltInterrupt109)?<code 337> (__AltInterrupt109):DEFINED (__Interrupt109)?<code 337> (__Interrupt109):<code 337> (__DefaultInterrupt)
                  0x0001f0          0x4 LONG 0x6646 DEFINED (__AltInterrupt110)?<code 337> (__AltInterrupt110):DEFINED (__Interrupt110)?<code 337> (__Interrupt110):<code 337> (__DefaultInterrupt)
                  0x0001f2          0x4 LONG 0x6646 DEFINED (__AltInterrupt111)?<code 337> (__AltInterrupt111):DEFINED (__Interrupt111)?<code 337> (__Interrupt111):<code 337> (__DefaultInterrupt)
                  0x0001f4          0x4 LONG 0x6646 DEFINED (__AltInterrupt112)?<code 337> (__AltInterrupt112):DEFINED (__Interrupt112)?<code 337> (__Interrupt112):<code 337> (__DefaultInterrupt)
                  0x0001f6          0x4 LONG 0x6646 DEFINED (__AltInterrupt113)?<code 337> (__AltInterrupt113):DEFINED (__Interrupt113)?<code 337> (__Interrupt113):<code 337> (__DefaultInterrupt)
                  0x0001f8          0x4 LONG 0x6646 DEFINED (__AltInterrupt114)?<code 337> (__AltInterrupt114):DEFINED (__Interrupt114)?<code 337> (__Interrupt114):<code 337> (__DefaultInterrupt)
                  0x0001fa          0x4 LONG 0x6646 DEFINED (__AltInterrupt115)?<code 337> (__AltInterrupt115):DEFINED (__Interrupt115)?<code 337> (__Interrupt115):<code 337> (__DefaultInterrupt)
                  0x0001fc          0x4 LONG 0x6646 DEFINED (__AltInterrupt116)?<code 337> (__AltInterrupt116):DEFINED (__Interrupt116)?<code 337> (__Interrupt116):<code 337> (__DefaultInterrupt)
                  0x0001fe          0x4 LONG 0x6646 DEFINED (__AltInterrupt117)?<code 337> (__AltInterrupt117):DEFINED (__Interrupt117)?<code 337> (__Interrupt117):<code 337> (__DefaultInterrupt)
                    0x0000                  WREG0 = 0x0
                    0x0000                  _WREG0 = 0x0
                    0x0002                  WREG1 = 0x2
                    0x0002                  _WREG1 = 0x2
                    0x0004                  WREG2 = 0x4
                    0x0004                  _WREG2 = 0x4
                    0x0006                  WREG3 = 0x6
                    0x0006                  _WREG3 = 0x6
                    0x0008                  WREG4 = 0x8
                    0x0008                  _WREG4 = 0x8
                    0x000a                  WREG5 = 0xa
                    0x000a                  _WREG5 = 0xa
                    0x000c                  WREG6 = 0xc
                    0x000c                  _WREG6 = 0xc
                    0x000e                  WREG7 = 0xe
                    0x000e                  _WREG7 = 0xe
                    0x0010                  WREG8 = 0x10
                    0x0010                  _WREG8 = 0x10
                    0x0012                  WREG9 = 0x12
                    0x0012                  _WREG9 = 0x12
                    0x0014                  WREG10 = 0x14
                    0x0014                  _WREG10 = 0x14
                    0x0016                  WREG11 = 0x16
                    0x0016                  _WREG11 = 0x16
                    0x0018                  WREG12 = 0x18
                    0x0018                  _WREG12 = 0x18
                    0x001a                  WREG13 = 0x1a
                    0x001a                  _WREG13 = 0x1a
                    0x001c                  WREG14 = 0x1c
                    0x001c                  _WREG14 = 0x1c
                    0x001e                  WREG15 = 0x1e
                    0x001e                  _WREG15 = 0x1e
                    0x0020                  SPLIM = 0x20
                    0x0020                  _SPLIM = 0x20
                    0x0022                  ACCAL = 0x22
                    0x0022                  _ACCAL = 0x22
                    0x0024                  ACCAH = 0x24
                    0x0024                  _ACCAH = 0x24
                    0x0026                  ACCAU = 0x26
                    0x0026                  _ACCAU = 0x26
                    0x0028                  ACCBL = 0x28
                    0x0028                  _ACCBL = 0x28
                    0x002a                  ACCBH = 0x2a
                    0x002a                  _ACCBH = 0x2a
                    0x002c                  ACCBU = 0x2c
                    0x002c                  _ACCBU = 0x2c
                    0x002e                  PCL = 0x2e
                    0x002e                  _PCL = 0x2e
                    0x0030                  PCH = 0x30
                    0x0030                  _PCH = 0x30
                    0x0032                  TBLPAG = 0x32
                    0x0032                  _TBLPAG = 0x32
                    0x0034                  PSVPAG = 0x34
                    0x0034                  _PSVPAG = 0x34
                    0x0036                  RCOUNT = 0x36
                    0x0036                  _RCOUNT = 0x36
                    0x0038                  DCOUNT = 0x38
                    0x0038                  _DCOUNT = 0x38
                    0x003a                  DOSTARTL = 0x3a
                    0x003a                  _DOSTARTL = 0x3a
                    0x003c                  DOSTARTH = 0x3c
                    0x003c                  _DOSTARTH = 0x3c
                    0x003e                  DOENDL = 0x3e
                    0x003e                  _DOENDL = 0x3e
                    0x0040                  DOENDH = 0x40
                    0x0040                  _DOENDH = 0x40
                    0x0042                  SR = 0x42
                    0x0042                  _SR = 0x42
                    0x0042                  _SRbits = 0x42
                    0x0044                  CORCON = 0x44
                    0x0044                  _CORCON = 0x44
                    0x0044                  _CORCONbits = 0x44
                    0x0046                  MODCON = 0x46
                    0x0046                  _MODCON = 0x46
                    0x0046                  _MODCONbits = 0x46
                    0x0048                  XMODSRT = 0x48
                    0x0048                  _XMODSRT = 0x48
                    0x004a                  XMODEND = 0x4a
                    0x004a                  _XMODEND = 0x4a
                    0x004c                  YMODSRT = 0x4c
                    0x004c                  _YMODSRT = 0x4c
                    0x004e                  YMODEND = 0x4e
                    0x004e                  _YMODEND = 0x4e
                    0x0050                  XBREV = 0x50
                    0x0050                  _XBREV = 0x50
                    0x0050                  _XBREVbits = 0x50
                    0x0052                  DISICNT = 0x52
                    0x0052                  _DISICNT = 0x52
                    0x0060                  CNEN1 = 0x60
                    0x0060                  _CNEN1 = 0x60
                    0x0060                  _CNEN1bits = 0x60
                    0x0062                  CNEN2 = 0x62
                    0x0062                  _CNEN2 = 0x62
                    0x0062                  _CNEN2bits = 0x62
                    0x0068                  CNPU1 = 0x68
                    0x0068                  _CNPU1 = 0x68
                    0x0068                  _CNPU1bits = 0x68
                    0x006a                  CNPU2 = 0x6a
                    0x006a                  _CNPU2 = 0x6a
                    0x006a                  _CNPU2bits = 0x6a
                    0x0080                  INTCON1 = 0x80
                    0x0080                  _INTCON1 = 0x80
                    0x0080                  _INTCON1bits = 0x80
                    0x0082                  INTCON2 = 0x82
                    0x0082                  _INTCON2 = 0x82
                    0x0082                  _INTCON2bits = 0x82
                    0x0084                  IFS0 = 0x84
                    0x0084                  _IFS0 = 0x84
                    0x0084                  _IFS0bits = 0x84
                    0x0086                  IFS1 = 0x86
                    0x0086                  _IFS1 = 0x86
                    0x0086                  _IFS1bits = 0x86
                    0x0088                  IFS2 = 0x88
                    0x0088                  _IFS2 = 0x88
                    0x0088                  _IFS2bits = 0x88
                    0x008a                  IFS3 = 0x8a
                    0x008a                  _IFS3 = 0x8a
                    0x008a                  _IFS3bits = 0x8a
                    0x008c                  IFS4 = 0x8c
                    0x008c                  _IFS4 = 0x8c
                    0x008c                  _IFS4bits = 0x8c
                    0x0094                  IEC0 = 0x94
                    0x0094                  _IEC0 = 0x94
                    0x0094                  _IEC0bits = 0x94
                    0x0096                  IEC1 = 0x96
                    0x0096                  _IEC1 = 0x96
                    0x0096                  _IEC1bits = 0x96
                    0x0098                  IEC2 = 0x98
                    0x0098                  _IEC2 = 0x98
                    0x0098                  _IEC2bits = 0x98
                    0x009a                  IEC3 = 0x9a
                    0x009a                  _IEC3 = 0x9a
                    0x009a                  _IEC3bits = 0x9a
                    0x009c                  IEC4 = 0x9c
                    0x009c                  _IEC4 = 0x9c
                    0x009c                  _IEC4bits = 0x9c
                    0x00a4                  IPC0 = 0xa4
                    0x00a4                  _IPC0 = 0xa4
                    0x00a4                  _IPC0bits = 0xa4
                    0x00a6                  IPC1 = 0xa6
                    0x00a6                  _IPC1 = 0xa6
                    0x00a6                  _IPC1bits = 0xa6
                    0x00a8                  IPC2 = 0xa8
                    0x00a8                  _IPC2 = 0xa8
                    0x00a8                  _IPC2bits = 0xa8
                    0x00aa                  IPC3 = 0xaa
                    0x00aa                  _IPC3 = 0xaa
                    0x00aa                  _IPC3bits = 0xaa
                    0x00ac                  IPC4 = 0xac
                    0x00ac                  _IPC4 = 0xac
                    0x00ac                  _IPC4bits = 0xac
                    0x00ae                  IPC5 = 0xae
                    0x00ae                  _IPC5 = 0xae
                    0x00ae                  _IPC5bits = 0xae
                    0x00b0                  IPC6 = 0xb0
                    0x00b0                  _IPC6 = 0xb0
                    0x00b0                  _IPC6bits = 0xb0
                    0x00b2                  IPC7 = 0xb2
                    0x00b2                  _IPC7 = 0xb2
                    0x00b2                  _IPC7bits = 0xb2
                    0x00b4                  IPC8 = 0xb4
                    0x00b4                  _IPC8 = 0xb4
                    0x00b4                  _IPC8bits = 0xb4
                    0x00b6                  IPC9 = 0xb6
                    0x00b6                  _IPC9 = 0xb6
                    0x00b6                  _IPC9bits = 0xb6
                    0x00b8                  IPC10 = 0xb8
                    0x00b8                  _IPC10 = 0xb8
                    0x00b8                  _IPC10bits = 0xb8
                    0x00ba                  IPC11 = 0xba
                    0x00ba                  _IPC11 = 0xba
                    0x00ba                  _IPC11bits = 0xba
                    0x00bc                  IPC12 = 0xbc
                    0x00bc                  _IPC12 = 0xbc
                    0x00bc                  _IPC12bits = 0xbc
                    0x00be                  IPC13 = 0xbe
                    0x00be                  _IPC13 = 0xbe
                    0x00be                  _IPC13bits = 0xbe
                    0x00c0                  IPC14 = 0xc0
                    0x00c0                  _IPC14 = 0xc0
                    0x00c0                  _IPC14bits = 0xc0
                    0x00c2                  IPC15 = 0xc2
                    0x00c2                  _IPC15 = 0xc2
                    0x00c2                  _IPC15bits = 0xc2
                    0x00c4                  IPC16 = 0xc4
                    0x00c4                  _IPC16 = 0xc4
                    0x00c4                  _IPC16bits = 0xc4
                    0x00c6                  IPC17 = 0xc6
                    0x00c6                  _IPC17 = 0xc6
                    0x00c6                  _IPC17bits = 0xc6
                    0x00e0                  INTTREG = 0xe0
                    0x00e0                  _INTTREG = 0xe0
                    0x00e0                  _INTTREGbits = 0xe0
                    0x0100                  TMR1 = 0x100
                    0x0100                  _TMR1 = 0x100
                    0x0102                  PR1 = 0x102
                    0x0102                  _PR1 = 0x102
                    0x0104                  T1CON = 0x104
                    0x0104                  _T1CON = 0x104
                    0x0104                  _T1CONbits = 0x104
                    0x0106                  TMR2 = 0x106
                    0x0106                  _TMR2 = 0x106
                    0x0108                  TMR3HLD = 0x108
                    0x0108                  _TMR3HLD = 0x108
                    0x010a                  TMR3 = 0x10a
                    0x010a                  _TMR3 = 0x10a
                    0x010c                  PR2 = 0x10c
                    0x010c                  _PR2 = 0x10c
                    0x010e                  PR3 = 0x10e
                    0x010e                  _PR3 = 0x10e
                    0x0110                  T2CON = 0x110
                    0x0110                  _T2CON = 0x110
                    0x0110                  _T2CONbits = 0x110
                    0x0112                  T3CON = 0x112
                    0x0112                  _T3CON = 0x112
                    0x0112                  _T3CONbits = 0x112
                    0x0114                  TMR4 = 0x114
                    0x0114                  _TMR4 = 0x114
                    0x0116                  TMR5HLD = 0x116
                    0x0116                  _TMR5HLD = 0x116
                    0x0118                  TMR5 = 0x118
                    0x0118                  _TMR5 = 0x118
                    0x011a                  PR4 = 0x11a
                    0x011a                  _PR4 = 0x11a
                    0x011c                  PR5 = 0x11c
                    0x011c                  _PR5 = 0x11c
                    0x011e                  T4CON = 0x11e
                    0x011e                  _T4CON = 0x11e
                    0x011e                  _T4CONbits = 0x11e
                    0x0120                  T5CON = 0x120
                    0x0120                  _T5CON = 0x120
                    0x0120                  _T5CONbits = 0x120
                    0x0122                  TMR6 = 0x122
                    0x0122                  _TMR6 = 0x122
                    0x0124                  TMR7HLD = 0x124
                    0x0124                  _TMR7HLD = 0x124
                    0x0126                  TMR7 = 0x126
                    0x0126                  _TMR7 = 0x126
                    0x0128                  PR6 = 0x128
                    0x0128                  _PR6 = 0x128
                    0x012a                  PR7 = 0x12a
                    0x012a                  _PR7 = 0x12a
                    0x012c                  T6CON = 0x12c
                    0x012c                  _T6CON = 0x12c
                    0x012c                  _T6CONbits = 0x12c
                    0x012e                  T7CON = 0x12e
                    0x012e                  _T7CON = 0x12e
                    0x012e                  _T7CONbits = 0x12e
                    0x0130                  TMR8 = 0x130
                    0x0130                  _TMR8 = 0x130
                    0x0132                  TMR9HLD = 0x132
                    0x0132                  _TMR9HLD = 0x132
                    0x0134                  TMR9 = 0x134
                    0x0134                  _TMR9 = 0x134
                    0x0136                  PR8 = 0x136
                    0x0136                  _PR8 = 0x136
                    0x0138                  PR9 = 0x138
                    0x0138                  _PR9 = 0x138
                    0x013a                  T8CON = 0x13a
                    0x013a                  _T8CON = 0x13a
                    0x013a                  _T8CONbits = 0x13a
                    0x013c                  T9CON = 0x13c
                    0x013c                  _T9CON = 0x13c
                    0x013c                  _T9CONbits = 0x13c
                    0x0140                  IC1BUF = 0x140
                    0x0140                  _IC1BUF = 0x140
                    0x0142                  IC1CON = 0x142
                    0x0142                  _IC1CON = 0x142
                    0x0142                  _IC1CONbits = 0x142
                    0x0144                  IC2BUF = 0x144
                    0x0144                  _IC2BUF = 0x144
                    0x0146                  IC2CON = 0x146
                    0x0146                  _IC2CON = 0x146
                    0x0146                  _IC2CONbits = 0x146
                    0x0148                  IC3BUF = 0x148
                    0x0148                  _IC3BUF = 0x148
                    0x014a                  IC3CON = 0x14a
                    0x014a                  _IC3CON = 0x14a
                    0x014a                  _IC3CONbits = 0x14a
                    0x014c                  IC4BUF = 0x14c
                    0x014c                  _IC4BUF = 0x14c
                    0x014e                  IC4CON = 0x14e
                    0x014e                  _IC4CON = 0x14e
                    0x014e                  _IC4CONbits = 0x14e
                    0x0150                  IC5BUF = 0x150
                    0x0150                  _IC5BUF = 0x150
                    0x0152                  IC5CON = 0x152
                    0x0152                  _IC5CON = 0x152
                    0x0152                  _IC5CONbits = 0x152
                    0x0154                  IC6BUF = 0x154
                    0x0154                  _IC6BUF = 0x154
                    0x0156                  IC6CON = 0x156
                    0x0156                  _IC6CON = 0x156
                    0x0156                  _IC6CONbits = 0x156
                    0x0158                  IC7BUF = 0x158
                    0x0158                  _IC7BUF = 0x158
                    0x015a                  IC7CON = 0x15a
                    0x015a                  _IC7CON = 0x15a
                    0x015a                  _IC7CONbits = 0x15a
                    0x015c                  IC8BUF = 0x15c
                    0x015c                  _IC8BUF = 0x15c
                    0x015e                  IC8CON = 0x15e
                    0x015e                  _IC8CON = 0x15e
                    0x015e                  _IC8CONbits = 0x15e
                    0x0180                  OC1RS = 0x180
                    0x0180                  _OC1RS = 0x180
                    0x0182                  OC1R = 0x182
                    0x0182                  _OC1R = 0x182
                    0x0184                  OC1CON = 0x184
                    0x0184                  _OC1CON = 0x184
                    0x0184                  _OC1CONbits = 0x184
                    0x0186                  OC2RS = 0x186
                    0x0186                  _OC2RS = 0x186
                    0x0188                  OC2R = 0x188
                    0x0188                  _OC2R = 0x188
                    0x018a                  OC2CON = 0x18a
                    0x018a                  _OC2CON = 0x18a
                    0x018a                  _OC2CONbits = 0x18a
                    0x018c                  OC3RS = 0x18c
                    0x018c                  _OC3RS = 0x18c
                    0x018e                  OC3R = 0x18e
                    0x018e                  _OC3R = 0x18e
                    0x0190                  OC3CON = 0x190
                    0x0190                  _OC3CON = 0x190
                    0x0190                  _OC3CONbits = 0x190
                    0x0192                  OC4RS = 0x192
                    0x0192                  _OC4RS = 0x192
                    0x0194                  OC4R = 0x194
                    0x0194                  _OC4R = 0x194
                    0x0196                  OC4CON = 0x196
                    0x0196                  _OC4CON = 0x196
                    0x0196                  _OC4CONbits = 0x196
                    0x0198                  OC5RS = 0x198
                    0x0198                  _OC5RS = 0x198
                    0x019a                  OC5R = 0x19a
                    0x019a                  _OC5R = 0x19a
                    0x019c                  OC5CON = 0x19c
                    0x019c                  _OC5CON = 0x19c
                    0x019c                  _OC5CONbits = 0x19c
                    0x019e                  OC6RS = 0x19e
                    0x019e                  _OC6RS = 0x19e
                    0x01a0                  OC6R = 0x1a0
                    0x01a0                  _OC6R = 0x1a0
                    0x01a2                  OC6CON = 0x1a2
                    0x01a2                  _OC6CON = 0x1a2
                    0x01a2                  _OC6CONbits = 0x1a2
                    0x01a4                  OC7RS = 0x1a4
                    0x01a4                  _OC7RS = 0x1a4
                    0x01a6                  OC7R = 0x1a6
                    0x01a6                  _OC7R = 0x1a6
                    0x01a8                  OC7CON = 0x1a8
                    0x01a8                  _OC7CON = 0x1a8
                    0x01a8                  _OC7CONbits = 0x1a8
                    0x01aa                  OC8RS = 0x1aa
                    0x01aa                  _OC8RS = 0x1aa
                    0x01ac                  OC8R = 0x1ac
                    0x01ac                  _OC8R = 0x1ac
                    0x01ae                  OC8CON = 0x1ae
                    0x01ae                  _OC8CON = 0x1ae
                    0x01ae                  _OC8CONbits = 0x1ae
                    0x0200                  I2C1RCV = 0x200
                    0x0200                  _I2C1RCV = 0x200
                    0x0202                  I2C1TRN = 0x202
                    0x0202                  _I2C1TRN = 0x202
                    0x0204                  I2C1BRG = 0x204
                    0x0204                  _I2C1BRG = 0x204
                    0x0206                  I2C1CON = 0x206
                    0x0206                  _I2C1CON = 0x206
                    0x0206                  _I2C1CONbits = 0x206
                    0x0208                  I2C1STAT = 0x208
                    0x0208                  _I2C1STAT = 0x208
                    0x0208                  _I2C1STATbits = 0x208
                    0x020a                  I2C1ADD = 0x20a
                    0x020a                  _I2C1ADD = 0x20a
                    0x020c                  I2C1MSK = 0x20c
                    0x020c                  _I2C1MSK = 0x20c
                    0x0210                  I2C2RCV = 0x210
                    0x0210                  _I2C2RCV = 0x210
                    0x0212                  I2C2TRN = 0x212
                    0x0212                  _I2C2TRN = 0x212
                    0x0214                  I2C2BRG = 0x214
                    0x0214                  _I2C2BRG = 0x214
                    0x0216                  I2C2CON = 0x216
                    0x0216                  _I2C2CON = 0x216
                    0x0216                  _I2C2CONbits = 0x216
                    0x0218                  I2C2STAT = 0x218
                    0x0218                  _I2C2STAT = 0x218
                    0x0218                  _I2C2STATbits = 0x218
                    0x021a                  I2C2ADD = 0x21a
                    0x021a                  _I2C2ADD = 0x21a
                    0x021c                  I2C2MSK = 0x21c
                    0x021c                  _I2C2MSK = 0x21c
                    0x0220                  U1MODE = 0x220
                    0x0220                  _U1MODE = 0x220
                    0x0220                  _U1MODEbits = 0x220
                    0x0222                  U1STA = 0x222
                    0x0222                  _U1STA = 0x222
                    0x0222                  _U1STAbits = 0x222
                    0x0224                  U1TXREG = 0x224
                    0x0224                  _U1TXREG = 0x224
                    0x0224                  _U1TXREGbits = 0x224
                    0x0226                  U1RXREG = 0x226
                    0x0226                  _U1RXREG = 0x226
                    0x0226                  _U1RXREGbits = 0x226
                    0x0228                  U1BRG = 0x228
                    0x0228                  _U1BRG = 0x228
                    0x0230                  U2MODE = 0x230
                    0x0230                  _U2MODE = 0x230
                    0x0230                  _U2MODEbits = 0x230
                    0x0232                  U2STA = 0x232
                    0x0232                  _U2STA = 0x232
                    0x0232                  _U2STAbits = 0x232
                    0x0234                  U2TXREG = 0x234
                    0x0234                  _U2TXREG = 0x234
                    0x0234                  _U2TXREGbits = 0x234
                    0x0236                  U2RXREG = 0x236
                    0x0236                  _U2RXREG = 0x236
                    0x0236                  _U2RXREGbits = 0x236
                    0x0238                  U2BRG = 0x238
                    0x0238                  _U2BRG = 0x238
                    0x0240                  SPI1STAT = 0x240
                    0x0240                  _SPI1STAT = 0x240
                    0x0240                  _SPI1STATbits = 0x240
                    0x0242                  SPI1CON1 = 0x242
                    0x0242                  _SPI1CON1 = 0x242
                    0x0242                  _SPI1CON1bits = 0x242
                    0x0244                  SPI1CON2 = 0x244
                    0x0244                  _SPI1CON2 = 0x244
                    0x0244                  _SPI1CON2bits = 0x244
                    0x0248                  SPI1BUF = 0x248
                    0x0248                  _SPI1BUF = 0x248
                    0x0260                  SPI2STAT = 0x260
                    0x0260                  _SPI2STAT = 0x260
                    0x0260                  _SPI2STATbits = 0x260
                    0x0262                  SPI2CON1 = 0x262
                    0x0262                  _SPI2CON1 = 0x262
                    0x0262                  _SPI2CON1bits = 0x262
                    0x0264                  SPI2CON2 = 0x264
                    0x0264                  _SPI2CON2 = 0x264
                    0x0264                  _SPI2CON2bits = 0x264
                    0x0268                  SPI2BUF = 0x268
                    0x0268                  _SPI2BUF = 0x268
                    0x0280                  DCICON1 = 0x280
                    0x0280                  _DCICON1 = 0x280
                    0x0280                  _DCICON1bits = 0x280
                    0x0282                  DCICON2 = 0x282
                    0x0282                  _DCICON2 = 0x282
                    0x0282                  _DCICON2bits = 0x282
                    0x0284                  DCICON3 = 0x284